<!doctype html public "-//w3c//dtd html 4.0 transitional//en">
<html><head>
<title>Static Call Graph - [.\Obj\uCOS-II.axf]</title></head>
<body><HR>
<H1>Static Call Graph for image .\Obj\uCOS-II.axf</H1><HR>
<BR><P>#&#060CALLGRAPH&#062# ARM Linker, 5040049: Last Updated: Tue Aug 05 17:27:02 2014
<BR><P>
<H3>Maximum Stack Usage =        320 bytes + Unknown(Functions without stacksize, Cycles, Untraceable Function Pointers)</H3><H3>
Call chain for Maximum Stack Depth:</H3>
_printf_f &rArr; _printf_fp_dec &rArr; _printf_fp_dec_real &rArr; _fp_digits &rArr; _btod_etento &rArr; _btod_emul &rArr; _e2e
<P>
<H3>
Functions with no stack information
</H3><UL>
 <LI><a href="#[1bd]">__user_initial_stackheap</a>
 <LI><a href="#[133]">OS_CPU_SR_Save</a>
 <LI><a href="#[134]">OS_CPU_SR_Restore</a>
 <LI><a href="#[186]">OSStartHighRdy</a>
 <LI><a href="#[184]">OSCtxSw</a>
 <LI><a href="#[181]">OSIntCtxSw</a>
 <LI><a href="#[c]">OS_CPU_PendSVHandler</a>
</UL>
</UL>
<P>
<H3>
Mutually Recursive functions
</H3> <LI><a href="#[6]">HardFault_Handler</a>&nbsp;&nbsp;&nbsp;&rArr;&nbsp;&nbsp;&nbsp;<a href="#[6]">HardFault_Handler</a><BR>
 <LI><a href="#[7]">MemManage_Handler</a>&nbsp;&nbsp;&nbsp;&rArr;&nbsp;&nbsp;&nbsp;<a href="#[7]">MemManage_Handler</a><BR>
 <LI><a href="#[8]">BusFault_Handler</a>&nbsp;&nbsp;&nbsp;&rArr;&nbsp;&nbsp;&nbsp;<a href="#[8]">BusFault_Handler</a><BR>
 <LI><a href="#[9]">UsageFault_Handler</a>&nbsp;&nbsp;&nbsp;&rArr;&nbsp;&nbsp;&nbsp;<a href="#[9]">UsageFault_Handler</a><BR>
 <LI><a href="#[a]">SVC_Handler</a>&nbsp;&nbsp;&nbsp;&rArr;&nbsp;&nbsp;&nbsp;<a href="#[a]">SVC_Handler</a><BR>
 <LI><a href="#[b]">DebugMon_Handler</a>&nbsp;&nbsp;&nbsp;&rArr;&nbsp;&nbsp;&nbsp;<a href="#[b]">DebugMon_Handler</a><BR>
 <LI><a href="#[2c]">CAN0_Bus_Off_IRQHandler</a>&nbsp;&nbsp;&nbsp;&rArr;&nbsp;&nbsp;&nbsp;<a href="#[2c]">CAN0_Bus_Off_IRQHandler</a><BR>
</UL>
<P>
<H3>
Function Pointers
</H3><UL>
 <LI><a href="#[47]">ADC0_IRQHandler</a> from adc.o(.text) referenced from startup_mk60d10.o(RESET)
 <LI><a href="#[48]">ADC1_IRQHandler</a> from adc.o(.text) referenced from startup_mk60d10.o(RESET)
 <LI><a href="#[8]">BusFault_Handler</a> from startup_mk60d10.o(.text) referenced from startup_mk60d10.o(RESET)
 <LI><a href="#[2c]">CAN0_Bus_Off_IRQHandler</a> from startup_mk60d10.o(.text) referenced from startup_mk60d10.o(RESET)
 <LI><a href="#[2d]">CAN0_Error_IRQHandler</a> from startup_mk60d10.o(.text) referenced from startup_mk60d10.o(RESET)
 <LI><a href="#[2b]">CAN0_ORed_Message_buffer_IRQHandler</a> from can.o(.text) referenced from startup_mk60d10.o(RESET)
 <LI><a href="#[2f]">CAN0_Rx_Warning_IRQHandler</a> from startup_mk60d10.o(.text) referenced from startup_mk60d10.o(RESET)
 <LI><a href="#[2e]">CAN0_Tx_Warning_IRQHandler</a> from startup_mk60d10.o(.text) referenced from startup_mk60d10.o(RESET)
 <LI><a href="#[30]">CAN0_Wake_Up_IRQHandler</a> from startup_mk60d10.o(.text) referenced from startup_mk60d10.o(RESET)
 <LI><a href="#[34]">CAN1_Bus_Off_IRQHandler</a> from startup_mk60d10.o(.text) referenced from startup_mk60d10.o(RESET)
 <LI><a href="#[35]">CAN1_Error_IRQHandler</a> from startup_mk60d10.o(.text) referenced from startup_mk60d10.o(RESET)
 <LI><a href="#[33]">CAN1_ORed_Message_buffer_IRQHandler</a> from can.o(.text) referenced from startup_mk60d10.o(RESET)
 <LI><a href="#[37]">CAN1_Rx_Warning_IRQHandler</a> from startup_mk60d10.o(.text) referenced from startup_mk60d10.o(RESET)
 <LI><a href="#[36]">CAN1_Tx_Warning_IRQHandler</a> from startup_mk60d10.o(.text) referenced from startup_mk60d10.o(RESET)
 <LI><a href="#[38]">CAN1_Wake_Up_IRQHandler</a> from startup_mk60d10.o(.text) referenced from startup_mk60d10.o(RESET)
 <LI><a href="#[7b]">CCD_TASK</a> from app.o(.text) referenced from main.o(.text)
 <LI><a href="#[49]">CMP0_IRQHandler</a> from startup_mk60d10.o(.text) referenced from startup_mk60d10.o(RESET)
 <LI><a href="#[4a]">CMP1_IRQHandler</a> from startup_mk60d10.o(.text) referenced from startup_mk60d10.o(RESET)
 <LI><a href="#[4b]">CMP2_IRQHandler</a> from startup_mk60d10.o(.text) referenced from startup_mk60d10.o(RESET)
 <LI><a href="#[4f]">CMT_IRQHandler</a> from startup_mk60d10.o(.text) referenced from startup_mk60d10.o(RESET)
 <LI><a href="#[5f]">DAC0_IRQHandler</a> from dac.o(.text) referenced from startup_mk60d10.o(RESET)
 <LI><a href="#[60]">DAC1_IRQHandler</a> from dac.o(.text) referenced from startup_mk60d10.o(RESET)
 <LI><a href="#[7c]">DIR_TASK</a> from app.o(.text) referenced from main.o(.text)
 <LI><a href="#[e]">DMA0_IRQHandler</a> from dma.o(.text) referenced from startup_mk60d10.o(RESET)
 <LI><a href="#[18]">DMA10_IRQHandler</a> from dma.o(.text) referenced from startup_mk60d10.o(RESET)
 <LI><a href="#[19]">DMA11_IRQHandler</a> from dma.o(.text) referenced from startup_mk60d10.o(RESET)
 <LI><a href="#[1a]">DMA12_IRQHandler</a> from dma.o(.text) referenced from startup_mk60d10.o(RESET)
 <LI><a href="#[1b]">DMA13_IRQHandler</a> from dma.o(.text) referenced from startup_mk60d10.o(RESET)
 <LI><a href="#[1c]">DMA14_IRQHandler</a> from dma.o(.text) referenced from startup_mk60d10.o(RESET)
 <LI><a href="#[1d]">DMA15_IRQHandler</a> from dma.o(.text) referenced from startup_mk60d10.o(RESET)
 <LI><a href="#[f]">DMA1_IRQHandler</a> from dma.o(.text) referenced from startup_mk60d10.o(RESET)
 <LI><a href="#[10]">DMA2_IRQHandler</a> from dma.o(.text) referenced from startup_mk60d10.o(RESET)
 <LI><a href="#[11]">DMA3_IRQHandler</a> from dma.o(.text) referenced from startup_mk60d10.o(RESET)
 <LI><a href="#[12]">DMA4_IRQHandler</a> from dma.o(.text) referenced from startup_mk60d10.o(RESET)
 <LI><a href="#[13]">DMA5_IRQHandler</a> from dma.o(.text) referenced from startup_mk60d10.o(RESET)
 <LI><a href="#[14]">DMA6_IRQHandler</a> from dma.o(.text) referenced from startup_mk60d10.o(RESET)
 <LI><a href="#[15]">DMA7_IRQHandler</a> from dma.o(.text) referenced from startup_mk60d10.o(RESET)
 <LI><a href="#[16]">DMA8_IRQHandler</a> from dma.o(.text) referenced from startup_mk60d10.o(RESET)
 <LI><a href="#[17]">DMA9_IRQHandler</a> from dma.o(.text) referenced from startup_mk60d10.o(RESET)
 <LI><a href="#[1e]">DMA_Error_IRQHandler</a> from startup_mk60d10.o(.text) referenced from startup_mk60d10.o(RESET)
 <LI><a href="#[b]">DebugMon_Handler</a> from startup_mk60d10.o(.text) referenced from startup_mk60d10.o(RESET)
 <LI><a href="#[76]">DefaultISR</a> from startup_mk60d10.o(.text) referenced 136 times from startup_mk60d10.o(RESET)
 <LI><a href="#[59]">ENET_1588_Timer_IRQHandler</a> from startup_mk60d10.o(.text) referenced from startup_mk60d10.o(RESET)
 <LI><a href="#[5c]">ENET_Error_IRQHandler</a> from startup_mk60d10.o(.text) referenced from startup_mk60d10.o(RESET)
 <LI><a href="#[5b]">ENET_Receive_IRQHandler</a> from enet.o(.text) referenced from startup_mk60d10.o(RESET)
 <LI><a href="#[5a]">ENET_Transmit_IRQHandler</a> from enet.o(.text) referenced from startup_mk60d10.o(RESET)
 <LI><a href="#[20]">FTFL_IRQHandler</a> from startup_mk60d10.o(.text) referenced from startup_mk60d10.o(RESET)
 <LI><a href="#[4c]">FTM0_IRQHandler</a> from ftm.o(.text) referenced from startup_mk60d10.o(RESET)
 <LI><a href="#[4d]">FTM1_IRQHandler</a> from ftm.o(.text) referenced from startup_mk60d10.o(RESET)
 <LI><a href="#[4e]">FTM2_IRQHandler</a> from ftm.o(.text) referenced from startup_mk60d10.o(RESET)
 <LI><a href="#[6]">HardFault_Handler</a> from startup_mk60d10.o(.text) referenced from startup_mk60d10.o(RESET)
 <LI><a href="#[26]">I2C0_IRQHandler</a> from i2c.o(.text) referenced from startup_mk60d10.o(RESET)
 <LI><a href="#[27]">I2C1_IRQHandler</a> from i2c.o(.text) referenced from startup_mk60d10.o(RESET)
 <LI><a href="#[32]">I2S0_Rx_IRQHandler</a> from startup_mk60d10.o(.text) referenced from startup_mk60d10.o(RESET)
 <LI><a href="#[31]">I2S0_Tx_IRQHandler</a> from startup_mk60d10.o(.text) referenced from startup_mk60d10.o(RESET)
 <LI><a href="#[79]">LED_TASK</a> from app.o(.text) referenced from main.o(.text)
 <LI><a href="#[23]">LLW_IRQHandler</a> from startup_mk60d10.o(.text) referenced from startup_mk60d10.o(RESET)
 <LI><a href="#[63]">LPTimer_IRQHandler</a> from lptmr.o(.text) referenced from startup_mk60d10.o(RESET)
 <LI><a href="#[22]">LVD_LVW_IRQHandler</a> from startup_mk60d10.o(.text) referenced from startup_mk60d10.o(RESET)
 <LI><a href="#[62]">MCG_IRQHandler</a> from startup_mk60d10.o(.text) referenced from startup_mk60d10.o(RESET)
 <LI><a href="#[1f]">MCM_IRQHandler</a> from startup_mk60d10.o(.text) referenced from startup_mk60d10.o(RESET)
 <LI><a href="#[7]">MemManage_Handler</a> from startup_mk60d10.o(.text) referenced from startup_mk60d10.o(RESET)
 <LI><a href="#[5]">NMI_Handler</a> from common.o(.text) referenced from startup_mk60d10.o(RESET)
 <LI><a href="#[7d]">OSTaskSwHook</a> from os_cpu_c.o(.text) referenced from os_cpu_a.o(.text)
 <LI><a href="#[c]">OS_CPU_PendSVHandler</a> from os_cpu_a.o(.text) referenced from startup_mk60d10.o(RESET)
 <LI><a href="#[175]">OS_TaskIdle</a> from os_core.o(.text) referenced from os_core.o(.text)
 <LI><a href="#[7e]">OS_TaskReturn</a> from os_task.o(.text) referenced from os_cpu_c.o(.text)
 <LI><a href="#[16e]">OS_TaskStat</a> from os_core.o(.text) referenced from os_core.o(.text)
 <LI><a href="#[56]">PDB0_IRQHandler</a> from startup_mk60d10.o(.text) referenced from startup_mk60d10.o(RESET)
 <LI><a href="#[52]">PIT0_IRQHandler</a> from pit.o(.text) referenced from startup_mk60d10.o(RESET)
 <LI><a href="#[53]">PIT1_IRQHandler</a> from pit.o(.text) referenced from startup_mk60d10.o(RESET)
 <LI><a href="#[54]">PIT2_IRQHandler</a> from pit.o(.text) referenced from startup_mk60d10.o(RESET)
 <LI><a href="#[55]">PIT3_IRQHandler</a> from pit.o(.text) referenced from startup_mk60d10.o(RESET)
 <LI><a href="#[65]">PORTA_IRQHandler</a> from gpio.o(.text) referenced from startup_mk60d10.o(RESET)
 <LI><a href="#[66]">PORTB_IRQHandler</a> from gpio.o(.text) referenced from startup_mk60d10.o(RESET)
 <LI><a href="#[67]">PORTC_IRQHandler</a> from gpio.o(.text) referenced from startup_mk60d10.o(RESET)
 <LI><a href="#[68]">PORTD_IRQHandler</a> from gpio.o(.text) referenced from startup_mk60d10.o(RESET)
 <LI><a href="#[69]">PORTE_IRQHandler</a> from gpio.o(.text) referenced from startup_mk60d10.o(RESET)
 <LI><a href="#[126]">Pulse_Counting_ISR</a> from bsp.o(.text) referenced from bsp.o(.text)
 <LI><a href="#[25]">RNG_IRQHandler</a> from startup_mk60d10.o(.text) referenced from startup_mk60d10.o(RESET)
 <LI><a href="#[50]">RTC_IRQHandler</a> from rtc.o(.text) referenced from startup_mk60d10.o(RESET)
 <LI><a href="#[51]">RTC_Seconds_IRQHandler</a> from startup_mk60d10.o(.text) referenced from startup_mk60d10.o(RESET)
 <LI><a href="#[21]">Read_Collision_IRQHandler</a> from startup_mk60d10.o(.text) referenced from startup_mk60d10.o(RESET)
 <LI><a href="#[64]">Reserved102_IRQHandler</a> from startup_mk60d10.o(.text) referenced from startup_mk60d10.o(RESET)
 <LI><a href="#[6a]">Reserved108_IRQHandler</a> from startup_mk60d10.o(.text) referenced from startup_mk60d10.o(RESET)
 <LI><a href="#[6b]">Reserved109_IRQHandler</a> from startup_mk60d10.o(.text) referenced from startup_mk60d10.o(RESET)
 <LI><a href="#[6d]">Reserved111_IRQHandler</a> from startup_mk60d10.o(.text) referenced from startup_mk60d10.o(RESET)
 <LI><a href="#[6e]">Reserved112_IRQHandler</a> from startup_mk60d10.o(.text) referenced from startup_mk60d10.o(RESET)
 <LI><a href="#[6f]">Reserved113_IRQHandler</a> from startup_mk60d10.o(.text) referenced from startup_mk60d10.o(RESET)
 <LI><a href="#[70]">Reserved114_IRQHandler</a> from startup_mk60d10.o(.text) referenced from startup_mk60d10.o(RESET)
 <LI><a href="#[71]">Reserved115_IRQHandler</a> from startup_mk60d10.o(.text) referenced from startup_mk60d10.o(RESET)
 <LI><a href="#[72]">Reserved116_IRQHandler</a> from startup_mk60d10.o(.text) referenced from startup_mk60d10.o(RESET)
 <LI><a href="#[73]">Reserved117_IRQHandler</a> from startup_mk60d10.o(.text) referenced from startup_mk60d10.o(RESET)
 <LI><a href="#[74]">Reserved118_IRQHandler</a> from startup_mk60d10.o(.text) referenced from startup_mk60d10.o(RESET)
 <LI><a href="#[75]">Reserved119_IRQHandler</a> from startup_mk60d10.o(.text) referenced from startup_mk60d10.o(RESET)
 <LI><a href="#[39]">Reserved59_IRQHandler</a> from startup_mk60d10.o(.text) referenced from startup_mk60d10.o(RESET)
 <LI><a href="#[5d]">Reserved95_IRQHandler</a> from startup_mk60d10.o(.text) referenced from startup_mk60d10.o(RESET)
 <LI><a href="#[4]">Reset_Handler</a> from startup_mk60d10.o(.text) referenced from startup_mk60d10.o(RESET)
 <LI><a href="#[7a]">SCU_TASK</a> from app.o(.text) referenced from main.o(.text)
 <LI><a href="#[5e]">SDHC_IRQHandler</a> from startup_mk60d10.o(.text) referenced from startup_mk60d10.o(RESET)
 <LI><a href="#[28]">SPI0_IRQHandler</a> from spi.o(.text) referenced from startup_mk60d10.o(RESET)
 <LI><a href="#[29]">SPI1_IRQHandler</a> from spi.o(.text) referenced from startup_mk60d10.o(RESET)
 <LI><a href="#[2a]">SPI2_IRQHandler</a> from spi.o(.text) referenced from startup_mk60d10.o(RESET)
 <LI><a href="#[a]">SVC_Handler</a> from startup_mk60d10.o(.text) referenced from startup_mk60d10.o(RESET)
 <LI><a href="#[6c]">SWI_IRQHandler</a> from startup_mk60d10.o(.text) referenced from startup_mk60d10.o(RESET)
 <LI><a href="#[d]">SysTick_Handler</a> from bsp.o(.text) referenced from startup_mk60d10.o(RESET)
 <LI><a href="#[77]">SystemInit</a> from system_mk60d10.o(.text) referenced from startup_mk60d10.o(.text)
 <LI><a href="#[61]">TSI0_IRQHandler</a> from tsi.o(.text) referenced from startup_mk60d10.o(RESET)
 <LI><a href="#[3c]">UART0_ERR_IRQHandler</a> from startup_mk60d10.o(.text) referenced from startup_mk60d10.o(RESET)
 <LI><a href="#[3a]">UART0_LON_IRQHandler</a> from startup_mk60d10.o(.text) referenced from startup_mk60d10.o(RESET)
 <LI><a href="#[3b]">UART0_RX_TX_IRQHandler</a> from uart.o(.text) referenced from startup_mk60d10.o(RESET)
 <LI><a href="#[3e]">UART1_ERR_IRQHandler</a> from startup_mk60d10.o(.text) referenced from startup_mk60d10.o(RESET)
 <LI><a href="#[3d]">UART1_RX_TX_IRQHandler</a> from uart.o(.text) referenced from startup_mk60d10.o(RESET)
 <LI><a href="#[40]">UART2_ERR_IRQHandler</a> from startup_mk60d10.o(.text) referenced from startup_mk60d10.o(RESET)
 <LI><a href="#[3f]">UART2_RX_TX_IRQHandler</a> from uart.o(.text) referenced from startup_mk60d10.o(RESET)
 <LI><a href="#[42]">UART3_ERR_IRQHandler</a> from startup_mk60d10.o(.text) referenced from startup_mk60d10.o(RESET)
 <LI><a href="#[41]">UART3_RX_TX_IRQHandler</a> from uart.o(.text) referenced from startup_mk60d10.o(RESET)
 <LI><a href="#[44]">UART4_ERR_IRQHandler</a> from startup_mk60d10.o(.text) referenced from startup_mk60d10.o(RESET)
 <LI><a href="#[43]">UART4_RX_TX_IRQHandler</a> from uart.o(.text) referenced from startup_mk60d10.o(RESET)
 <LI><a href="#[46]">UART5_ERR_IRQHandler</a> from startup_mk60d10.o(.text) referenced from startup_mk60d10.o(RESET)
 <LI><a href="#[45]">UART5_RX_TX_IRQHandler</a> from startup_mk60d10.o(.text) referenced from startup_mk60d10.o(RESET)
 <LI><a href="#[57]">USB0_IRQHandler</a> from startup_mk60d10.o(.text) referenced from startup_mk60d10.o(RESET)
 <LI><a href="#[58]">USBDCD_IRQHandler</a> from startup_mk60d10.o(.text) referenced from startup_mk60d10.o(RESET)
 <LI><a href="#[9]">UsageFault_Handler</a> from startup_mk60d10.o(.text) referenced from startup_mk60d10.o(RESET)
 <LI><a href="#[24]">Watchdog_IRQHandler</a> from wdog.o(.text) referenced from startup_mk60d10.o(RESET)
 <LI><a href="#[81]">__main</a> from __main.o(!!!main) referenced from startup_mk60d10.o(.text)
 <LI><a href="#[80]">_printf_input_char</a> from _printf_char_common.o(.text) referenced from _printf_char_common.o(.text)
 <LI><a href="#[7f]">fputc</a> from uart.o(.text) referenced from _printf_char_file.o(.text)
</UL>
<P>
<H3>
Global Symbols
</H3>
<P><STRONG><a name="[81]"></a>__main</STRONG> (Thumb, 8 bytes, Stack size 0 bytes, __main.o(!!!main))
<BR><BR>[Calls]<UL><LI><a href="#[82]">&gt;&gt;</a>&nbsp;&nbsp;&nbsp;__scatterload
<LI><a href="#[83]">&gt;&gt;</a>&nbsp;&nbsp;&nbsp;__rt_entry
</UL>

<P><STRONG><a name="[82]"></a>__scatterload</STRONG> (Thumb, 0 bytes, Stack size unknown bytes, __scatter.o(!!!scatter))
<BR><BR>[Called By]<UL><LI><a href="#[81]">&gt;&gt;</a>&nbsp;&nbsp;&nbsp;__main
</UL>

<P><STRONG><a name="[84]"></a>__scatterload_rt2</STRONG> (Thumb, 44 bytes, Stack size unknown bytes, __scatter.o(!!!scatter), UNUSED)
<BR><BR>[Calls]<UL><LI><a href="#[83]">&gt;&gt;</a>&nbsp;&nbsp;&nbsp;__rt_entry
</UL>

<P><STRONG><a name="[1e1]"></a>__scatterload_rt2_thumb_only</STRONG> (Thumb, 0 bytes, Stack size unknown bytes, __scatter.o(!!!scatter), UNUSED)

<P><STRONG><a name="[1e2]"></a>__scatterload_null</STRONG> (Thumb, 0 bytes, Stack size unknown bytes, __scatter.o(!!!scatter), UNUSED)

<P><STRONG><a name="[85]"></a>__scatterload_copy</STRONG> (Thumb, 26 bytes, Stack size unknown bytes, __scatter_copy.o(!!handler_copy), UNUSED)
<BR><BR>[Calls]<UL><LI><a href="#[85]">&gt;&gt;</a>&nbsp;&nbsp;&nbsp;__scatterload_copy
</UL>
<BR>[Called By]<UL><LI><a href="#[85]">&gt;&gt;</a>&nbsp;&nbsp;&nbsp;__scatterload_copy
</UL>

<P><STRONG><a name="[1e3]"></a>__scatterload_zeroinit</STRONG> (Thumb, 28 bytes, Stack size unknown bytes, __scatter_zi.o(!!handler_zi), UNUSED)

<P><STRONG><a name="[86]"></a>_printf_f</STRONG> (Thumb, 0 bytes, Stack size unknown bytes, _printf_f.o(.ARM.Collect$$_printf_percent$$00000003))
<BR><BR>[Stack]<UL><LI>Max Depth = 320 + Unknown Stack Size
<LI>Call Chain = _printf_f &rArr; _printf_fp_dec &rArr; _printf_fp_dec_real &rArr; _fp_digits &rArr; _btod_etento &rArr; _btod_emul &rArr; _e2e
</UL>
<BR>[Calls]<UL><LI><a href="#[87]">&gt;&gt;</a>&nbsp;&nbsp;&nbsp;_printf_fp_dec
</UL>

<P><STRONG><a name="[1aa]"></a>_printf_percent</STRONG> (Thumb, 0 bytes, Stack size unknown bytes, _printf_percent.o(.ARM.Collect$$_printf_percent$$00000000))
<BR><BR>[Called By]<UL><LI><a href="#[1a9]">&gt;&gt;</a>&nbsp;&nbsp;&nbsp;__printf
</UL>

<P><STRONG><a name="[88]"></a>_printf_d</STRONG> (Thumb, 0 bytes, Stack size unknown bytes, _printf_d.o(.ARM.Collect$$_printf_percent$$00000009))
<BR><BR>[Stack]<UL><LI>Max Depth = 56 + Unknown Stack Size
<LI>Call Chain = _printf_d &rArr; _printf_int_dec &rArr; _printf_int_common
</UL>
<BR>[Calls]<UL><LI><a href="#[89]">&gt;&gt;</a>&nbsp;&nbsp;&nbsp;_printf_int_dec
</UL>

<P><STRONG><a name="[1e4]"></a>_printf_percent_end</STRONG> (Thumb, 0 bytes, Stack size unknown bytes, _printf_percent_end.o(.ARM.Collect$$_printf_percent$$00000017))

<P><STRONG><a name="[91]"></a>__rt_lib_init</STRONG> (Thumb, 0 bytes, Stack size unknown bytes, libinit.o(.ARM.Collect$$libinit$$00000000))
<BR><BR>[Called By]<UL><LI><a href="#[90]">&gt;&gt;</a>&nbsp;&nbsp;&nbsp;__rt_entry_li
</UL>

<P><STRONG><a name="[1e5]"></a>__rt_lib_init_fp_1</STRONG> (Thumb, 0 bytes, Stack size unknown bytes, libinit2.o(.ARM.Collect$$libinit$$00000002))

<P><STRONG><a name="[1e6]"></a>__rt_lib_init_heap_1</STRONG> (Thumb, 0 bytes, Stack size unknown bytes, libinit2.o(.ARM.Collect$$libinit$$00000008))

<P><STRONG><a name="[8a]"></a>__rt_lib_init_lc_common</STRONG> (Thumb, 0 bytes, Stack size unknown bytes, libinit2.o(.ARM.Collect$$libinit$$0000000D))
<BR><BR>[Calls]<UL><LI><a href="#[8b]">&gt;&gt;</a>&nbsp;&nbsp;&nbsp;__rt_locale
</UL>

<P><STRONG><a name="[1e7]"></a>__rt_lib_init_rand_1</STRONG> (Thumb, 0 bytes, Stack size unknown bytes, libinit2.o(.ARM.Collect$$libinit$$0000000C))

<P><STRONG><a name="[1e8]"></a>__rt_lib_init_user_alloc_1</STRONG> (Thumb, 0 bytes, Stack size unknown bytes, libinit2.o(.ARM.Collect$$libinit$$0000000A))

<P><STRONG><a name="[1e9]"></a>__rt_lib_init_lc_collate_1</STRONG> (Thumb, 0 bytes, Stack size unknown bytes, libinit2.o(.ARM.Collect$$libinit$$0000000F))

<P><STRONG><a name="[1ea]"></a>__rt_lib_init_lc_ctype_1</STRONG> (Thumb, 0 bytes, Stack size unknown bytes, libinit2.o(.ARM.Collect$$libinit$$00000011))

<P><STRONG><a name="[1eb]"></a>__rt_lib_init_lc_monetary_1</STRONG> (Thumb, 0 bytes, Stack size unknown bytes, libinit2.o(.ARM.Collect$$libinit$$00000013))

<P><STRONG><a name="[8c]"></a>__rt_lib_init_lc_numeric_2</STRONG> (Thumb, 0 bytes, Stack size unknown bytes, libinit2.o(.ARM.Collect$$libinit$$00000014))
<BR><BR>[Stack]<UL><LI>Max Depth = 8 + Unknown Stack Size
<LI>Call Chain = __rt_lib_init_lc_numeric_2 &rArr; _get_lc_numeric
</UL>
<BR>[Calls]<UL><LI><a href="#[8d]">&gt;&gt;</a>&nbsp;&nbsp;&nbsp;_get_lc_numeric
</UL>

<P><STRONG><a name="[1ec]"></a>__rt_lib_init_alloca_1</STRONG> (Thumb, 0 bytes, Stack size unknown bytes, libinit2.o(.ARM.Collect$$libinit$$0000002C))

<P><STRONG><a name="[1ed]"></a>__rt_lib_init_argv_1</STRONG> (Thumb, 0 bytes, Stack size unknown bytes, libinit2.o(.ARM.Collect$$libinit$$0000002A))

<P><STRONG><a name="[1ee]"></a>__rt_lib_init_atexit_1</STRONG> (Thumb, 0 bytes, Stack size unknown bytes, libinit2.o(.ARM.Collect$$libinit$$00000019))

<P><STRONG><a name="[1ef]"></a>__rt_lib_init_clock_1</STRONG> (Thumb, 0 bytes, Stack size unknown bytes, libinit2.o(.ARM.Collect$$libinit$$0000001F))

<P><STRONG><a name="[1f0]"></a>__rt_lib_init_cpp_1</STRONG> (Thumb, 0 bytes, Stack size unknown bytes, libinit2.o(.ARM.Collect$$libinit$$00000030))

<P><STRONG><a name="[1f1]"></a>__rt_lib_init_exceptions_1</STRONG> (Thumb, 0 bytes, Stack size unknown bytes, libinit2.o(.ARM.Collect$$libinit$$0000002E))

<P><STRONG><a name="[1f2]"></a>__rt_lib_init_fp_trap_1</STRONG> (Thumb, 0 bytes, Stack size unknown bytes, libinit2.o(.ARM.Collect$$libinit$$0000001D))

<P><STRONG><a name="[1f3]"></a>__rt_lib_init_getenv_1</STRONG> (Thumb, 0 bytes, Stack size unknown bytes, libinit2.o(.ARM.Collect$$libinit$$00000021))

<P><STRONG><a name="[1f4]"></a>__rt_lib_init_lc_numeric_1</STRONG> (Thumb, 0 bytes, Stack size unknown bytes, libinit2.o(.ARM.Collect$$libinit$$00000015))

<P><STRONG><a name="[1f5]"></a>__rt_lib_init_lc_time_1</STRONG> (Thumb, 0 bytes, Stack size unknown bytes, libinit2.o(.ARM.Collect$$libinit$$00000017))

<P><STRONG><a name="[1f6]"></a>__rt_lib_init_return</STRONG> (Thumb, 0 bytes, Stack size unknown bytes, libinit2.o(.ARM.Collect$$libinit$$00000031))

<P><STRONG><a name="[1f7]"></a>__rt_lib_init_signal_1</STRONG> (Thumb, 0 bytes, Stack size unknown bytes, libinit2.o(.ARM.Collect$$libinit$$0000001B))

<P><STRONG><a name="[1f8]"></a>__rt_lib_init_stdio_1</STRONG> (Thumb, 0 bytes, Stack size unknown bytes, libinit2.o(.ARM.Collect$$libinit$$00000023))

<P><STRONG><a name="[96]"></a>__rt_lib_shutdown</STRONG> (Thumb, 0 bytes, Stack size unknown bytes, libshutdown.o(.ARM.Collect$$libshutdown$$00000000))
<BR><BR>[Called By]<UL><LI><a href="#[95]">&gt;&gt;</a>&nbsp;&nbsp;&nbsp;__rt_exit_ls
</UL>

<P><STRONG><a name="[1f9]"></a>__rt_lib_shutdown_fp_trap_1</STRONG> (Thumb, 0 bytes, Stack size unknown bytes, libshutdown2.o(.ARM.Collect$$libshutdown$$00000006))

<P><STRONG><a name="[1fa]"></a>__rt_lib_shutdown_heap_1</STRONG> (Thumb, 0 bytes, Stack size unknown bytes, libshutdown2.o(.ARM.Collect$$libshutdown$$0000000E))

<P><STRONG><a name="[1fb]"></a>__rt_lib_shutdown_return</STRONG> (Thumb, 0 bytes, Stack size unknown bytes, libshutdown2.o(.ARM.Collect$$libshutdown$$0000000F))

<P><STRONG><a name="[1fc]"></a>__rt_lib_shutdown_signal_1</STRONG> (Thumb, 0 bytes, Stack size unknown bytes, libshutdown2.o(.ARM.Collect$$libshutdown$$00000009))

<P><STRONG><a name="[1fd]"></a>__rt_lib_shutdown_stdio_1</STRONG> (Thumb, 0 bytes, Stack size unknown bytes, libshutdown2.o(.ARM.Collect$$libshutdown$$00000003))

<P><STRONG><a name="[1fe]"></a>__rt_lib_shutdown_user_alloc_1</STRONG> (Thumb, 0 bytes, Stack size unknown bytes, libshutdown2.o(.ARM.Collect$$libshutdown$$0000000B))

<P><STRONG><a name="[83]"></a>__rt_entry</STRONG> (Thumb, 0 bytes, Stack size unknown bytes, rtentry.o(.ARM.Collect$$rtentry$$00000000))
<BR><BR>[Called By]<UL><LI><a href="#[84]">&gt;&gt;</a>&nbsp;&nbsp;&nbsp;__scatterload_rt2
<LI><a href="#[81]">&gt;&gt;</a>&nbsp;&nbsp;&nbsp;__main
</UL>

<P><STRONG><a name="[1ff]"></a>__rt_entry_presh_1</STRONG> (Thumb, 0 bytes, Stack size unknown bytes, rtentry2.o(.ARM.Collect$$rtentry$$00000002))

<P><STRONG><a name="[8e]"></a>__rt_entry_sh</STRONG> (Thumb, 0 bytes, Stack size unknown bytes, rtentry4.o(.ARM.Collect$$rtentry$$00000004))
<BR><BR>[Stack]<UL><LI>Max Depth = 8 + Unknown Stack Size
<LI>Call Chain = __rt_entry_sh &rArr; __user_setup_stackheap
</UL>
<BR>[Calls]<UL><LI><a href="#[8f]">&gt;&gt;</a>&nbsp;&nbsp;&nbsp;__user_setup_stackheap
</UL>

<P><STRONG><a name="[90]"></a>__rt_entry_li</STRONG> (Thumb, 0 bytes, Stack size unknown bytes, rtentry2.o(.ARM.Collect$$rtentry$$0000000A))
<BR><BR>[Calls]<UL><LI><a href="#[91]">&gt;&gt;</a>&nbsp;&nbsp;&nbsp;__rt_lib_init
</UL>

<P><STRONG><a name="[200]"></a>__rt_entry_postsh_1</STRONG> (Thumb, 0 bytes, Stack size unknown bytes, rtentry2.o(.ARM.Collect$$rtentry$$00000009))

<P><STRONG><a name="[92]"></a>__rt_entry_main</STRONG> (Thumb, 0 bytes, Stack size unknown bytes, rtentry2.o(.ARM.Collect$$rtentry$$0000000D))
<BR><BR>[Stack]<UL><LI>Max Depth = 144 + Unknown Stack Size
<LI>Call Chain = __rt_entry_main &rArr; main &rArr; OSInit &rArr; OS_InitTaskIdle &rArr; OSTaskCreateExt &rArr; OS_TCBInit
</UL>
<BR>[Calls]<UL><LI><a href="#[93]">&gt;&gt;</a>&nbsp;&nbsp;&nbsp;main
<LI><a href="#[94]">&gt;&gt;</a>&nbsp;&nbsp;&nbsp;exit
</UL>

<P><STRONG><a name="[201]"></a>__rt_entry_postli_1</STRONG> (Thumb, 0 bytes, Stack size unknown bytes, rtentry2.o(.ARM.Collect$$rtentry$$0000000C))

<P><STRONG><a name="[1be]"></a>__rt_exit</STRONG> (Thumb, 0 bytes, Stack size unknown bytes, rtexit.o(.ARM.Collect$$rtexit$$00000000))
<BR><BR>[Called By]<UL><LI><a href="#[94]">&gt;&gt;</a>&nbsp;&nbsp;&nbsp;exit
</UL>

<P><STRONG><a name="[95]"></a>__rt_exit_ls</STRONG> (Thumb, 0 bytes, Stack size unknown bytes, rtexit2.o(.ARM.Collect$$rtexit$$00000003))
<BR><BR>[Calls]<UL><LI><a href="#[96]">&gt;&gt;</a>&nbsp;&nbsp;&nbsp;__rt_lib_shutdown
</UL>

<P><STRONG><a name="[202]"></a>__rt_exit_prels_1</STRONG> (Thumb, 0 bytes, Stack size unknown bytes, rtexit2.o(.ARM.Collect$$rtexit$$00000002))

<P><STRONG><a name="[97]"></a>__rt_exit_exit</STRONG> (Thumb, 0 bytes, Stack size unknown bytes, rtexit2.o(.ARM.Collect$$rtexit$$00000004))
<BR><BR>[Calls]<UL><LI><a href="#[98]">&gt;&gt;</a>&nbsp;&nbsp;&nbsp;_sys_exit
</UL>

<P><STRONG><a name="[c3]"></a>__asm___6_enet_c_32765e4a____REVSH</STRONG> (Thumb, 4 bytes, Stack size 0 bytes, enet.o(.revsh_text), UNUSED)
<BR><BR>[Called By]<UL><LI><a href="#[c4]">&gt;&gt;</a>&nbsp;&nbsp;&nbsp;ENET_MacReceiveData
<LI><a href="#[c2]">&gt;&gt;</a>&nbsp;&nbsp;&nbsp;ENET_MacSendData
</UL>

<P><STRONG><a name="[4]"></a>Reset_Handler</STRONG> (Thumb, 8 bytes, Stack size 0 bytes, startup_mk60d10.o(.text))
<BR>[Address Reference Count : 1]<UL><LI> startup_mk60d10.o(RESET)
</UL>
<P><STRONG><a name="[6]"></a>HardFault_Handler</STRONG> (Thumb, 2 bytes, Stack size 0 bytes, startup_mk60d10.o(.text))
<BR><BR>[Calls]<UL><LI><a href="#[6]">&gt;&gt;</a>&nbsp;&nbsp;&nbsp;HardFault_Handler
</UL>
<BR>[Called By]<UL><LI><a href="#[6]">&gt;&gt;</a>&nbsp;&nbsp;&nbsp;HardFault_Handler
</UL>
<BR>[Address Reference Count : 1]<UL><LI> startup_mk60d10.o(RESET)
</UL>
<P><STRONG><a name="[7]"></a>MemManage_Handler</STRONG> (Thumb, 2 bytes, Stack size 0 bytes, startup_mk60d10.o(.text))
<BR><BR>[Calls]<UL><LI><a href="#[7]">&gt;&gt;</a>&nbsp;&nbsp;&nbsp;MemManage_Handler
</UL>
<BR>[Called By]<UL><LI><a href="#[7]">&gt;&gt;</a>&nbsp;&nbsp;&nbsp;MemManage_Handler
</UL>
<BR>[Address Reference Count : 1]<UL><LI> startup_mk60d10.o(RESET)
</UL>
<P><STRONG><a name="[8]"></a>BusFault_Handler</STRONG> (Thumb, 2 bytes, Stack size 0 bytes, startup_mk60d10.o(.text))
<BR><BR>[Calls]<UL><LI><a href="#[8]">&gt;&gt;</a>&nbsp;&nbsp;&nbsp;BusFault_Handler
</UL>
<BR>[Called By]<UL><LI><a href="#[8]">&gt;&gt;</a>&nbsp;&nbsp;&nbsp;BusFault_Handler
</UL>
<BR>[Address Reference Count : 1]<UL><LI> startup_mk60d10.o(RESET)
</UL>
<P><STRONG><a name="[9]"></a>UsageFault_Handler</STRONG> (Thumb, 2 bytes, Stack size 0 bytes, startup_mk60d10.o(.text))
<BR><BR>[Calls]<UL><LI><a href="#[9]">&gt;&gt;</a>&nbsp;&nbsp;&nbsp;UsageFault_Handler
</UL>
<BR>[Called By]<UL><LI><a href="#[9]">&gt;&gt;</a>&nbsp;&nbsp;&nbsp;UsageFault_Handler
</UL>
<BR>[Address Reference Count : 1]<UL><LI> startup_mk60d10.o(RESET)
</UL>
<P><STRONG><a name="[a]"></a>SVC_Handler</STRONG> (Thumb, 2 bytes, Stack size 0 bytes, startup_mk60d10.o(.text))
<BR><BR>[Calls]<UL><LI><a href="#[a]">&gt;&gt;</a>&nbsp;&nbsp;&nbsp;SVC_Handler
</UL>
<BR>[Called By]<UL><LI><a href="#[a]">&gt;&gt;</a>&nbsp;&nbsp;&nbsp;SVC_Handler
</UL>
<BR>[Address Reference Count : 1]<UL><LI> startup_mk60d10.o(RESET)
</UL>
<P><STRONG><a name="[b]"></a>DebugMon_Handler</STRONG> (Thumb, 2 bytes, Stack size 0 bytes, startup_mk60d10.o(.text))
<BR><BR>[Calls]<UL><LI><a href="#[b]">&gt;&gt;</a>&nbsp;&nbsp;&nbsp;DebugMon_Handler
</UL>
<BR>[Called By]<UL><LI><a href="#[b]">&gt;&gt;</a>&nbsp;&nbsp;&nbsp;DebugMon_Handler
</UL>
<BR>[Address Reference Count : 1]<UL><LI> startup_mk60d10.o(RESET)
</UL>
<P><STRONG><a name="[2c]"></a>CAN0_Bus_Off_IRQHandler</STRONG> (Thumb, 0 bytes, Stack size 0 bytes, startup_mk60d10.o(.text))
<BR><BR>[Calls]<UL><LI><a href="#[2c]">&gt;&gt;</a>&nbsp;&nbsp;&nbsp;CAN0_Bus_Off_IRQHandler
</UL>
<BR>[Called By]<UL><LI><a href="#[2c]">&gt;&gt;</a>&nbsp;&nbsp;&nbsp;CAN0_Bus_Off_IRQHandler
</UL>
<BR>[Address Reference Count : 1]<UL><LI> startup_mk60d10.o(RESET)
</UL>
<P><STRONG><a name="[2d]"></a>CAN0_Error_IRQHandler</STRONG> (Thumb, 0 bytes, Stack size 0 bytes, startup_mk60d10.o(.text))
<BR>[Address Reference Count : 1]<UL><LI> startup_mk60d10.o(RESET)
</UL>
<P><STRONG><a name="[2f]"></a>CAN0_Rx_Warning_IRQHandler</STRONG> (Thumb, 0 bytes, Stack size 0 bytes, startup_mk60d10.o(.text))
<BR>[Address Reference Count : 1]<UL><LI> startup_mk60d10.o(RESET)
</UL>
<P><STRONG><a name="[2e]"></a>CAN0_Tx_Warning_IRQHandler</STRONG> (Thumb, 0 bytes, Stack size 0 bytes, startup_mk60d10.o(.text))
<BR>[Address Reference Count : 1]<UL><LI> startup_mk60d10.o(RESET)
</UL>
<P><STRONG><a name="[30]"></a>CAN0_Wake_Up_IRQHandler</STRONG> (Thumb, 0 bytes, Stack size 0 bytes, startup_mk60d10.o(.text))
<BR>[Address Reference Count : 1]<UL><LI> startup_mk60d10.o(RESET)
</UL>
<P><STRONG><a name="[34]"></a>CAN1_Bus_Off_IRQHandler</STRONG> (Thumb, 0 bytes, Stack size 0 bytes, startup_mk60d10.o(.text))
<BR>[Address Reference Count : 1]<UL><LI> startup_mk60d10.o(RESET)
</UL>
<P><STRONG><a name="[35]"></a>CAN1_Error_IRQHandler</STRONG> (Thumb, 0 bytes, Stack size 0 bytes, startup_mk60d10.o(.text))
<BR>[Address Reference Count : 1]<UL><LI> startup_mk60d10.o(RESET)
</UL>
<P><STRONG><a name="[37]"></a>CAN1_Rx_Warning_IRQHandler</STRONG> (Thumb, 0 bytes, Stack size 0 bytes, startup_mk60d10.o(.text))
<BR>[Address Reference Count : 1]<UL><LI> startup_mk60d10.o(RESET)
</UL>
<P><STRONG><a name="[36]"></a>CAN1_Tx_Warning_IRQHandler</STRONG> (Thumb, 0 bytes, Stack size 0 bytes, startup_mk60d10.o(.text))
<BR>[Address Reference Count : 1]<UL><LI> startup_mk60d10.o(RESET)
</UL>
<P><STRONG><a name="[38]"></a>CAN1_Wake_Up_IRQHandler</STRONG> (Thumb, 0 bytes, Stack size 0 bytes, startup_mk60d10.o(.text))
<BR>[Address Reference Count : 1]<UL><LI> startup_mk60d10.o(RESET)
</UL>
<P><STRONG><a name="[49]"></a>CMP0_IRQHandler</STRONG> (Thumb, 0 bytes, Stack size 0 bytes, startup_mk60d10.o(.text))
<BR>[Address Reference Count : 1]<UL><LI> startup_mk60d10.o(RESET)
</UL>
<P><STRONG><a name="[4a]"></a>CMP1_IRQHandler</STRONG> (Thumb, 0 bytes, Stack size 0 bytes, startup_mk60d10.o(.text))
<BR>[Address Reference Count : 1]<UL><LI> startup_mk60d10.o(RESET)
</UL>
<P><STRONG><a name="[4b]"></a>CMP2_IRQHandler</STRONG> (Thumb, 0 bytes, Stack size 0 bytes, startup_mk60d10.o(.text))
<BR>[Address Reference Count : 1]<UL><LI> startup_mk60d10.o(RESET)
</UL>
<P><STRONG><a name="[4f]"></a>CMT_IRQHandler</STRONG> (Thumb, 0 bytes, Stack size 0 bytes, startup_mk60d10.o(.text))
<BR>[Address Reference Count : 1]<UL><LI> startup_mk60d10.o(RESET)
</UL>
<P><STRONG><a name="[1e]"></a>DMA_Error_IRQHandler</STRONG> (Thumb, 0 bytes, Stack size 0 bytes, startup_mk60d10.o(.text))
<BR>[Address Reference Count : 1]<UL><LI> startup_mk60d10.o(RESET)
</UL>
<P><STRONG><a name="[76]"></a>DefaultISR</STRONG> (Thumb, 0 bytes, Stack size 0 bytes, startup_mk60d10.o(.text))
<BR>[Address Reference Count : 1]<UL><LI> startup_mk60d10.o(RESET)
</UL>
<P><STRONG><a name="[59]"></a>ENET_1588_Timer_IRQHandler</STRONG> (Thumb, 0 bytes, Stack size 0 bytes, startup_mk60d10.o(.text))
<BR>[Address Reference Count : 1]<UL><LI> startup_mk60d10.o(RESET)
</UL>
<P><STRONG><a name="[5c]"></a>ENET_Error_IRQHandler</STRONG> (Thumb, 0 bytes, Stack size 0 bytes, startup_mk60d10.o(.text))
<BR>[Address Reference Count : 1]<UL><LI> startup_mk60d10.o(RESET)
</UL>
<P><STRONG><a name="[20]"></a>FTFL_IRQHandler</STRONG> (Thumb, 0 bytes, Stack size 0 bytes, startup_mk60d10.o(.text))
<BR>[Address Reference Count : 1]<UL><LI> startup_mk60d10.o(RESET)
</UL>
<P><STRONG><a name="[32]"></a>I2S0_Rx_IRQHandler</STRONG> (Thumb, 0 bytes, Stack size 0 bytes, startup_mk60d10.o(.text))
<BR>[Address Reference Count : 1]<UL><LI> startup_mk60d10.o(RESET)
</UL>
<P><STRONG><a name="[31]"></a>I2S0_Tx_IRQHandler</STRONG> (Thumb, 0 bytes, Stack size 0 bytes, startup_mk60d10.o(.text))
<BR>[Address Reference Count : 1]<UL><LI> startup_mk60d10.o(RESET)
</UL>
<P><STRONG><a name="[23]"></a>LLW_IRQHandler</STRONG> (Thumb, 0 bytes, Stack size 0 bytes, startup_mk60d10.o(.text))
<BR>[Address Reference Count : 1]<UL><LI> startup_mk60d10.o(RESET)
</UL>
<P><STRONG><a name="[22]"></a>LVD_LVW_IRQHandler</STRONG> (Thumb, 0 bytes, Stack size 0 bytes, startup_mk60d10.o(.text))
<BR>[Address Reference Count : 1]<UL><LI> startup_mk60d10.o(RESET)
</UL>
<P><STRONG><a name="[62]"></a>MCG_IRQHandler</STRONG> (Thumb, 0 bytes, Stack size 0 bytes, startup_mk60d10.o(.text))
<BR>[Address Reference Count : 1]<UL><LI> startup_mk60d10.o(RESET)
</UL>
<P><STRONG><a name="[1f]"></a>MCM_IRQHandler</STRONG> (Thumb, 0 bytes, Stack size 0 bytes, startup_mk60d10.o(.text))
<BR>[Address Reference Count : 1]<UL><LI> startup_mk60d10.o(RESET)
</UL>
<P><STRONG><a name="[56]"></a>PDB0_IRQHandler</STRONG> (Thumb, 0 bytes, Stack size 0 bytes, startup_mk60d10.o(.text))
<BR>[Address Reference Count : 1]<UL><LI> startup_mk60d10.o(RESET)
</UL>
<P><STRONG><a name="[25]"></a>RNG_IRQHandler</STRONG> (Thumb, 0 bytes, Stack size 0 bytes, startup_mk60d10.o(.text))
<BR>[Address Reference Count : 1]<UL><LI> startup_mk60d10.o(RESET)
</UL>
<P><STRONG><a name="[51]"></a>RTC_Seconds_IRQHandler</STRONG> (Thumb, 0 bytes, Stack size 0 bytes, startup_mk60d10.o(.text))
<BR>[Address Reference Count : 1]<UL><LI> startup_mk60d10.o(RESET)
</UL>
<P><STRONG><a name="[21]"></a>Read_Collision_IRQHandler</STRONG> (Thumb, 0 bytes, Stack size 0 bytes, startup_mk60d10.o(.text))
<BR>[Address Reference Count : 1]<UL><LI> startup_mk60d10.o(RESET)
</UL>
<P><STRONG><a name="[64]"></a>Reserved102_IRQHandler</STRONG> (Thumb, 0 bytes, Stack size 0 bytes, startup_mk60d10.o(.text))
<BR>[Address Reference Count : 1]<UL><LI> startup_mk60d10.o(RESET)
</UL>
<P><STRONG><a name="[6a]"></a>Reserved108_IRQHandler</STRONG> (Thumb, 0 bytes, Stack size 0 bytes, startup_mk60d10.o(.text))
<BR>[Address Reference Count : 1]<UL><LI> startup_mk60d10.o(RESET)
</UL>
<P><STRONG><a name="[6b]"></a>Reserved109_IRQHandler</STRONG> (Thumb, 0 bytes, Stack size 0 bytes, startup_mk60d10.o(.text))
<BR>[Address Reference Count : 1]<UL><LI> startup_mk60d10.o(RESET)
</UL>
<P><STRONG><a name="[6d]"></a>Reserved111_IRQHandler</STRONG> (Thumb, 0 bytes, Stack size 0 bytes, startup_mk60d10.o(.text))
<BR>[Address Reference Count : 1]<UL><LI> startup_mk60d10.o(RESET)
</UL>
<P><STRONG><a name="[6e]"></a>Reserved112_IRQHandler</STRONG> (Thumb, 0 bytes, Stack size 0 bytes, startup_mk60d10.o(.text))
<BR>[Address Reference Count : 1]<UL><LI> startup_mk60d10.o(RESET)
</UL>
<P><STRONG><a name="[6f]"></a>Reserved113_IRQHandler</STRONG> (Thumb, 0 bytes, Stack size 0 bytes, startup_mk60d10.o(.text))
<BR>[Address Reference Count : 1]<UL><LI> startup_mk60d10.o(RESET)
</UL>
<P><STRONG><a name="[70]"></a>Reserved114_IRQHandler</STRONG> (Thumb, 0 bytes, Stack size 0 bytes, startup_mk60d10.o(.text))
<BR>[Address Reference Count : 1]<UL><LI> startup_mk60d10.o(RESET)
</UL>
<P><STRONG><a name="[71]"></a>Reserved115_IRQHandler</STRONG> (Thumb, 0 bytes, Stack size 0 bytes, startup_mk60d10.o(.text))
<BR>[Address Reference Count : 1]<UL><LI> startup_mk60d10.o(RESET)
</UL>
<P><STRONG><a name="[72]"></a>Reserved116_IRQHandler</STRONG> (Thumb, 0 bytes, Stack size 0 bytes, startup_mk60d10.o(.text))
<BR>[Address Reference Count : 1]<UL><LI> startup_mk60d10.o(RESET)
</UL>
<P><STRONG><a name="[73]"></a>Reserved117_IRQHandler</STRONG> (Thumb, 0 bytes, Stack size 0 bytes, startup_mk60d10.o(.text))
<BR>[Address Reference Count : 1]<UL><LI> startup_mk60d10.o(RESET)
</UL>
<P><STRONG><a name="[74]"></a>Reserved118_IRQHandler</STRONG> (Thumb, 0 bytes, Stack size 0 bytes, startup_mk60d10.o(.text))
<BR>[Address Reference Count : 1]<UL><LI> startup_mk60d10.o(RESET)
</UL>
<P><STRONG><a name="[75]"></a>Reserved119_IRQHandler</STRONG> (Thumb, 0 bytes, Stack size 0 bytes, startup_mk60d10.o(.text))
<BR>[Address Reference Count : 1]<UL><LI> startup_mk60d10.o(RESET)
</UL>
<P><STRONG><a name="[39]"></a>Reserved59_IRQHandler</STRONG> (Thumb, 0 bytes, Stack size 0 bytes, startup_mk60d10.o(.text))
<BR>[Address Reference Count : 1]<UL><LI> startup_mk60d10.o(RESET)
</UL>
<P><STRONG><a name="[5d]"></a>Reserved95_IRQHandler</STRONG> (Thumb, 0 bytes, Stack size 0 bytes, startup_mk60d10.o(.text))
<BR>[Address Reference Count : 1]<UL><LI> startup_mk60d10.o(RESET)
</UL>
<P><STRONG><a name="[5e]"></a>SDHC_IRQHandler</STRONG> (Thumb, 0 bytes, Stack size 0 bytes, startup_mk60d10.o(.text))
<BR>[Address Reference Count : 1]<UL><LI> startup_mk60d10.o(RESET)
</UL>
<P><STRONG><a name="[6c]"></a>SWI_IRQHandler</STRONG> (Thumb, 0 bytes, Stack size 0 bytes, startup_mk60d10.o(.text))
<BR>[Address Reference Count : 1]<UL><LI> startup_mk60d10.o(RESET)
</UL>
<P><STRONG><a name="[3c]"></a>UART0_ERR_IRQHandler</STRONG> (Thumb, 0 bytes, Stack size 0 bytes, startup_mk60d10.o(.text))
<BR>[Address Reference Count : 1]<UL><LI> startup_mk60d10.o(RESET)
</UL>
<P><STRONG><a name="[3a]"></a>UART0_LON_IRQHandler</STRONG> (Thumb, 0 bytes, Stack size 0 bytes, startup_mk60d10.o(.text))
<BR>[Address Reference Count : 1]<UL><LI> startup_mk60d10.o(RESET)
</UL>
<P><STRONG><a name="[3e]"></a>UART1_ERR_IRQHandler</STRONG> (Thumb, 0 bytes, Stack size 0 bytes, startup_mk60d10.o(.text))
<BR>[Address Reference Count : 1]<UL><LI> startup_mk60d10.o(RESET)
</UL>
<P><STRONG><a name="[40]"></a>UART2_ERR_IRQHandler</STRONG> (Thumb, 0 bytes, Stack size 0 bytes, startup_mk60d10.o(.text))
<BR>[Address Reference Count : 1]<UL><LI> startup_mk60d10.o(RESET)
</UL>
<P><STRONG><a name="[42]"></a>UART3_ERR_IRQHandler</STRONG> (Thumb, 0 bytes, Stack size 0 bytes, startup_mk60d10.o(.text))
<BR>[Address Reference Count : 1]<UL><LI> startup_mk60d10.o(RESET)
</UL>
<P><STRONG><a name="[44]"></a>UART4_ERR_IRQHandler</STRONG> (Thumb, 0 bytes, Stack size 0 bytes, startup_mk60d10.o(.text))
<BR>[Address Reference Count : 1]<UL><LI> startup_mk60d10.o(RESET)
</UL>
<P><STRONG><a name="[46]"></a>UART5_ERR_IRQHandler</STRONG> (Thumb, 0 bytes, Stack size 0 bytes, startup_mk60d10.o(.text))
<BR>[Address Reference Count : 1]<UL><LI> startup_mk60d10.o(RESET)
</UL>
<P><STRONG><a name="[45]"></a>UART5_RX_TX_IRQHandler</STRONG> (Thumb, 0 bytes, Stack size 0 bytes, startup_mk60d10.o(.text))
<BR>[Address Reference Count : 1]<UL><LI> startup_mk60d10.o(RESET)
</UL>
<P><STRONG><a name="[57]"></a>USB0_IRQHandler</STRONG> (Thumb, 0 bytes, Stack size 0 bytes, startup_mk60d10.o(.text))
<BR>[Address Reference Count : 1]<UL><LI> startup_mk60d10.o(RESET)
</UL>
<P><STRONG><a name="[58]"></a>USBDCD_IRQHandler</STRONG> (Thumb, 0 bytes, Stack size 0 bytes, startup_mk60d10.o(.text))
<BR>[Address Reference Count : 1]<UL><LI> startup_mk60d10.o(RESET)
</UL>
<P><STRONG><a name="[1bd]"></a>__user_initial_stackheap</STRONG> (Thumb, 0 bytes, Stack size unknown bytes, startup_mk60d10.o(.text))
<BR><BR>[Called By]<UL><LI><a href="#[8f]">&gt;&gt;</a>&nbsp;&nbsp;&nbsp;__user_setup_stackheap
</UL>

<P><STRONG><a name="[93]"></a>main</STRONG> (Thumb, 86 bytes, Stack size 8 bytes, main.o(.text))
<BR><BR>[Stack]<UL><LI>Max Depth = 144 + Unknown Stack Size
<LI>Call Chain = main &rArr; OSInit &rArr; OS_InitTaskIdle &rArr; OSTaskCreateExt &rArr; OS_TCBInit
</UL>
<BR>[Calls]<UL><LI><a href="#[9c]">&gt;&gt;</a>&nbsp;&nbsp;&nbsp;OSTaskCreate
<LI><a href="#[9d]">&gt;&gt;</a>&nbsp;&nbsp;&nbsp;OSStart
<LI><a href="#[9b]">&gt;&gt;</a>&nbsp;&nbsp;&nbsp;OSMboxCreate
<LI><a href="#[9a]">&gt;&gt;</a>&nbsp;&nbsp;&nbsp;OSInit
<LI><a href="#[99]">&gt;&gt;</a>&nbsp;&nbsp;&nbsp;BSP_Init
</UL>
<BR>[Called By]<UL><LI><a href="#[92]">&gt;&gt;</a>&nbsp;&nbsp;&nbsp;__rt_entry_main
</UL>

<P><STRONG><a name="[203]"></a>ADC_IsConversionCompleted</STRONG> (Thumb, 26 bytes, Stack size 0 bytes, adc.o(.text), UNUSED)

<P><STRONG><a name="[9f]"></a>ADC_ITDMAConfig</STRONG> (Thumb, 170 bytes, Stack size 16 bytes, adc.o(.text))
<BR><BR>[Stack]<UL><LI>Max Depth = 16<LI>Call Chain = ADC_ITDMAConfig
</UL>
<BR>[Called By]<UL><LI><a href="#[9e]">&gt;&gt;</a>&nbsp;&nbsp;&nbsp;ADC_Calibration
</UL>

<P><STRONG><a name="[a0]"></a>ADC_Init</STRONG> (Thumb, 556 bytes, Stack size 8 bytes, adc.o(.text))
<BR><BR>[Stack]<UL><LI>Max Depth = 44<LI>Call Chain = ADC_Init &rArr; ADC_Calibration &rArr; ADC_ITDMAConfig
</UL>
<BR>[Calls]<UL><LI><a href="#[9e]">&gt;&gt;</a>&nbsp;&nbsp;&nbsp;ADC_Calibration
</UL>
<BR>[Called By]<UL><LI><a href="#[a1]">&gt;&gt;</a>&nbsp;&nbsp;&nbsp;ADC_QuickInit
</UL>

<P><STRONG><a name="[a1]"></a>ADC_QuickInit</STRONG> (Thumb, 134 bytes, Stack size 40 bytes, adc.o(.text))
<BR><BR>[Stack]<UL><LI>Max Depth = 84<LI>Call Chain = ADC_QuickInit &rArr; ADC_Init &rArr; ADC_Calibration &rArr; ADC_ITDMAConfig
</UL>
<BR>[Calls]<UL><LI><a href="#[a3]">&gt;&gt;</a>&nbsp;&nbsp;&nbsp;PORT_PinPullConfig
<LI><a href="#[a2]">&gt;&gt;</a>&nbsp;&nbsp;&nbsp;PORT_PinMuxConfig
<LI><a href="#[a0]">&gt;&gt;</a>&nbsp;&nbsp;&nbsp;ADC_Init
</UL>
<BR>[Called By]<UL><LI><a href="#[124]">&gt;&gt;</a>&nbsp;&nbsp;&nbsp;ADC_Config
</UL>

<P><STRONG><a name="[a5]"></a>ADC_StartConversion</STRONG> (Thumb, 54 bytes, Stack size 8 bytes, adc.o(.text))
<BR><BR>[Stack]<UL><LI>Max Depth = 8<LI>Call Chain = ADC_StartConversion
</UL>
<BR>[Called By]<UL><LI><a href="#[a4]">&gt;&gt;</a>&nbsp;&nbsp;&nbsp;ADC_QuickReadValue
</UL>

<P><STRONG><a name="[204]"></a>ADC_ChlMuxConfig</STRONG> (Thumb, 48 bytes, Stack size 0 bytes, adc.o(.text), UNUSED)

<P><STRONG><a name="[a6]"></a>ADC_ReadValue</STRONG> (Thumb, 16 bytes, Stack size 0 bytes, adc.o(.text))
<BR><BR>[Called By]<UL><LI><a href="#[a4]">&gt;&gt;</a>&nbsp;&nbsp;&nbsp;ADC_QuickReadValue
</UL>

<P><STRONG><a name="[a4]"></a>ADC_QuickReadValue</STRONG> (Thumb, 54 bytes, Stack size 20 bytes, adc.o(.text))
<BR><BR>[Stack]<UL><LI>Max Depth = 28<LI>Call Chain = ADC_QuickReadValue &rArr; ADC_StartConversion
</UL>
<BR>[Calls]<UL><LI><a href="#[a6]">&gt;&gt;</a>&nbsp;&nbsp;&nbsp;ADC_ReadValue
<LI><a href="#[a5]">&gt;&gt;</a>&nbsp;&nbsp;&nbsp;ADC_StartConversion
</UL>
<BR>[Called By]<UL><LI><a href="#[136]">&gt;&gt;</a>&nbsp;&nbsp;&nbsp;Voltage_Show
<LI><a href="#[11c]">&gt;&gt;</a>&nbsp;&nbsp;&nbsp;CCD_gather
</UL>

<P><STRONG><a name="[205]"></a>ADC_CallbackInstall</STRONG> (Thumb, 10 bytes, Stack size 0 bytes, adc.o(.text), UNUSED)

<P><STRONG><a name="[47]"></a>ADC0_IRQHandler</STRONG> (Thumb, 16 bytes, Stack size 8 bytes, adc.o(.text))
<BR><BR>[Stack]<UL><LI>Max Depth = 8<LI>Call Chain = ADC0_IRQHandler
</UL>
<BR>[Address Reference Count : 1]<UL><LI> startup_mk60d10.o(RESET)
</UL>
<P><STRONG><a name="[48]"></a>ADC1_IRQHandler</STRONG> (Thumb, 16 bytes, Stack size 8 bytes, adc.o(.text))
<BR><BR>[Stack]<UL><LI>Max Depth = 8<LI>Call Chain = ADC1_IRQHandler
</UL>
<BR>[Address Reference Count : 1]<UL><LI> startup_mk60d10.o(RESET)
</UL>
<P><STRONG><a name="[a8]"></a>CAN_SetReceiveMask</STRONG> (Thumb, 126 bytes, Stack size 8 bytes, can.o(.text), UNUSED)
<BR><BR>[Called By]<UL><LI><a href="#[a7]">&gt;&gt;</a>&nbsp;&nbsp;&nbsp;CAN_SetReceiveMB
</UL>

<P><STRONG><a name="[a7]"></a>CAN_SetReceiveMB</STRONG> (Thumb, 324 bytes, Stack size 16 bytes, can.o(.text), UNUSED)
<BR><BR>[Calls]<UL><LI><a href="#[a8]">&gt;&gt;</a>&nbsp;&nbsp;&nbsp;CAN_SetReceiveMask
</UL>

<P><STRONG><a name="[a9]"></a>CAN_Init</STRONG> (Thumb, 376 bytes, Stack size 16 bytes, can.o(.text), UNUSED)
<BR><BR>[Calls]<UL><LI><a href="#[aa]">&gt;&gt;</a>&nbsp;&nbsp;&nbsp;CAN_SetBaudrate
</UL>
<BR>[Called By]<UL><LI><a href="#[ab]">&gt;&gt;</a>&nbsp;&nbsp;&nbsp;CAN_QuickInit
</UL>

<P><STRONG><a name="[ab]"></a>CAN_QuickInit</STRONG> (Thumb, 76 bytes, Stack size 32 bytes, can.o(.text), UNUSED)
<BR><BR>[Calls]<UL><LI><a href="#[a9]">&gt;&gt;</a>&nbsp;&nbsp;&nbsp;CAN_Init
<LI><a href="#[a2]">&gt;&gt;</a>&nbsp;&nbsp;&nbsp;PORT_PinMuxConfig
</UL>

<P><STRONG><a name="[ad]"></a>CAN_IsMessageBoxBusy</STRONG> (Thumb, 80 bytes, Stack size 0 bytes, can.o(.text), UNUSED)
<BR><BR>[Called By]<UL><LI><a href="#[ac]">&gt;&gt;</a>&nbsp;&nbsp;&nbsp;CAN_WriteData
</UL>

<P><STRONG><a name="[ac]"></a>CAN_WriteData</STRONG> (Thumb, 502 bytes, Stack size 36 bytes, can.o(.text), UNUSED)
<BR><BR>[Calls]<UL><LI><a href="#[ad]">&gt;&gt;</a>&nbsp;&nbsp;&nbsp;CAN_IsMessageBoxBusy
</UL>

<P><STRONG><a name="[206]"></a>CAN_CallbackInstall</STRONG> (Thumb, 10 bytes, Stack size 0 bytes, can.o(.text), UNUSED)

<P><STRONG><a name="[ae]"></a>CAN_ITDMAConfig</STRONG> (Thumb, 142 bytes, Stack size 16 bytes, can.o(.text), UNUSED)
<BR><BR>[Calls]<UL><LI><a href="#[af]">&gt;&gt;</a>&nbsp;&nbsp;&nbsp;NVIC_EnableIRQ
</UL>

<P><STRONG><a name="[207]"></a>CAN_ReadData</STRONG> (Thumb, 218 bytes, Stack size 28 bytes, can.o(.text), UNUSED)

<P><STRONG><a name="[2b]"></a>CAN0_ORed_Message_buffer_IRQHandler</STRONG> (Thumb, 36 bytes, Stack size 8 bytes, can.o(.text))
<BR><BR>[Stack]<UL><LI>Max Depth = 8<LI>Call Chain = CAN0_ORed_Message_buffer_IRQHandler
</UL>
<BR>[Address Reference Count : 1]<UL><LI> startup_mk60d10.o(RESET)
</UL>
<P><STRONG><a name="[33]"></a>CAN1_ORed_Message_buffer_IRQHandler</STRONG> (Thumb, 36 bytes, Stack size 8 bytes, can.o(.text))
<BR><BR>[Stack]<UL><LI>Max Depth = 8<LI>Call Chain = CAN1_ORed_Message_buffer_IRQHandler
</UL>
<BR>[Address Reference Count : 1]<UL><LI> startup_mk60d10.o(RESET)
</UL>
<P><STRONG><a name="[bd]"></a>CLOCK_GetClockFrequency</STRONG> (Thumb, 122 bytes, Stack size 8 bytes, common.o(.text))
<BR><BR>[Stack]<UL><LI>Max Depth = 8<LI>Call Chain = CLOCK_GetClockFrequency
</UL>
<BR>[Called By]<UL><LI><a href="#[ed]">&gt;&gt;</a>&nbsp;&nbsp;&nbsp;PIT_Init
<LI><a href="#[d7]">&gt;&gt;</a>&nbsp;&nbsp;&nbsp;I2C_Init
<LI><a href="#[cf]">&gt;&gt;</a>&nbsp;&nbsp;&nbsp;FTM_PWM_QuickInit
<LI><a href="#[bc]">&gt;&gt;</a>&nbsp;&nbsp;&nbsp;ENET_MII_Init
<LI><a href="#[10c]">&gt;&gt;</a>&nbsp;&nbsp;&nbsp;WDOG_Init
<LI><a href="#[108]">&gt;&gt;</a>&nbsp;&nbsp;&nbsp;UART_Init
<LI><a href="#[fc]">&gt;&gt;</a>&nbsp;&nbsp;&nbsp;SYSTICK_Init
<LI><a href="#[f8]">&gt;&gt;</a>&nbsp;&nbsp;&nbsp;SPI_FrameConfig
</UL>

<P><STRONG><a name="[208]"></a>QuickInitEncode</STRONG> (Thumb, 6 bytes, Stack size 0 bytes, common.o(.text), UNUSED)

<P><STRONG><a name="[209]"></a>QuickInitDecode</STRONG> (Thumb, 10 bytes, Stack size 12 bytes, common.o(.text), UNUSED)

<P><STRONG><a name="[b0]"></a>DelayInit</STRONG> (Thumb, 8 bytes, Stack size 8 bytes, common.o(.text), UNUSED)
<BR><BR>[Calls]<UL><LI><a href="#[b1]">&gt;&gt;</a>&nbsp;&nbsp;&nbsp;SYSTICK_DelayInit
</UL>

<P><STRONG><a name="[b2]"></a>DelayMs</STRONG> (Thumb, 12 bytes, Stack size 8 bytes, common.o(.text), UNUSED)
<BR><BR>[Calls]<UL><LI><a href="#[b3]">&gt;&gt;</a>&nbsp;&nbsp;&nbsp;SYSTICK_DelayMs
</UL>
<BR>[Called By]<UL><LI><a href="#[be]">&gt;&gt;</a>&nbsp;&nbsp;&nbsp;ENET_Init
</UL>

<P><STRONG><a name="[b4]"></a>DelayUs</STRONG> (Thumb, 12 bytes, Stack size 8 bytes, common.o(.text), UNUSED)
<BR><BR>[Calls]<UL><LI><a href="#[b5]">&gt;&gt;</a>&nbsp;&nbsp;&nbsp;SYSTICK_DelayUs
</UL>

<P><STRONG><a name="[5]"></a>NMI_Handler</STRONG> (Thumb, 2 bytes, Stack size 0 bytes, common.o(.text))
<BR>[Address Reference Count : 1]<UL><LI> startup_mk60d10.o(RESET)
</UL>
<P><STRONG><a name="[20a]"></a>DAC_Init</STRONG> (Thumb, 566 bytes, Stack size 0 bytes, dac.o(.text), UNUSED)

<P><STRONG><a name="[20b]"></a>DAC_GetBufferReadPointer</STRONG> (Thumb, 16 bytes, Stack size 0 bytes, dac.o(.text), UNUSED)

<P><STRONG><a name="[20c]"></a>DAC_SetBufferReadPointer</STRONG> (Thumb, 54 bytes, Stack size 0 bytes, dac.o(.text), UNUSED)

<P><STRONG><a name="[20d]"></a>DAC_SetBufferUpperLimit</STRONG> (Thumb, 52 bytes, Stack size 0 bytes, dac.o(.text), UNUSED)

<P><STRONG><a name="[b6]"></a>DAC_ITDMAConfig</STRONG> (Thumb, 350 bytes, Stack size 16 bytes, dac.o(.text), UNUSED)
<BR><BR>[Calls]<UL><LI><a href="#[b7]">&gt;&gt;</a>&nbsp;&nbsp;&nbsp;NVIC_EnableIRQ
</UL>

<P><STRONG><a name="[20e]"></a>DAC_SoftwareStartConversion</STRONG> (Thumb, 26 bytes, Stack size 0 bytes, dac.o(.text), UNUSED)

<P><STRONG><a name="[20f]"></a>DAC_SetWaterMark</STRONG> (Thumb, 146 bytes, Stack size 0 bytes, dac.o(.text), UNUSED)

<P><STRONG><a name="[210]"></a>DAC_SetBufferValue</STRONG> (Thumb, 50 bytes, Stack size 12 bytes, dac.o(.text), UNUSED)

<P><STRONG><a name="[211]"></a>DAC_CallbackInstall</STRONG> (Thumb, 10 bytes, Stack size 0 bytes, dac.o(.text), UNUSED)

<P><STRONG><a name="[5f]"></a>DAC0_IRQHandler</STRONG> (Thumb, 102 bytes, Stack size 8 bytes, dac.o(.text))
<BR><BR>[Stack]<UL><LI>Max Depth = 8<LI>Call Chain = DAC0_IRQHandler
</UL>
<BR>[Address Reference Count : 1]<UL><LI> startup_mk60d10.o(RESET)
</UL>
<P><STRONG><a name="[60]"></a>DAC1_IRQHandler</STRONG> (Thumb, 102 bytes, Stack size 8 bytes, dac.o(.text))
<BR><BR>[Stack]<UL><LI>Max Depth = 8<LI>Call Chain = DAC1_IRQHandler
</UL>
<BR>[Address Reference Count : 1]<UL><LI> startup_mk60d10.o(RESET)
</UL>
<P><STRONG><a name="[212]"></a>DMA_Init</STRONG> (Thumb, 410 bytes, Stack size 0 bytes, dma.o(.text), UNUSED)

<P><STRONG><a name="[213]"></a>DMA_GetMajorLoopCount</STRONG> (Thumb, 16 bytes, Stack size 0 bytes, dma.o(.text), UNUSED)

<P><STRONG><a name="[214]"></a>DMA_SetMajorLoopCounter</STRONG> (Thumb, 44 bytes, Stack size 0 bytes, dma.o(.text), UNUSED)

<P><STRONG><a name="[215]"></a>DMA_EnableRequest</STRONG> (Thumb, 10 bytes, Stack size 0 bytes, dma.o(.text), UNUSED)

<P><STRONG><a name="[216]"></a>DMA_DisableRequest</STRONG> (Thumb, 10 bytes, Stack size 0 bytes, dma.o(.text), UNUSED)

<P><STRONG><a name="[217]"></a>DMA_EnableAutoDisableRequest</STRONG> (Thumb, 46 bytes, Stack size 0 bytes, dma.o(.text), UNUSED)

<P><STRONG><a name="[218]"></a>DMA_EnableMajorLink</STRONG> (Thumb, 94 bytes, Stack size 8 bytes, dma.o(.text), UNUSED)

<P><STRONG><a name="[b8]"></a>DMA_ITConfig</STRONG> (Thumb, 152 bytes, Stack size 16 bytes, dma.o(.text), UNUSED)
<BR><BR>[Calls]<UL><LI><a href="#[b9]">&gt;&gt;</a>&nbsp;&nbsp;&nbsp;NVIC_EnableIRQ
</UL>

<P><STRONG><a name="[219]"></a>DMA_CallbackInstall</STRONG> (Thumb, 10 bytes, Stack size 0 bytes, dma.o(.text), UNUSED)

<P><STRONG><a name="[21a]"></a>DMA_IsMajorLoopComplete</STRONG> (Thumb, 56 bytes, Stack size 0 bytes, dma.o(.text), UNUSED)

<P><STRONG><a name="[21b]"></a>DMA_SetDestAddress</STRONG> (Thumb, 10 bytes, Stack size 0 bytes, dma.o(.text), UNUSED)

<P><STRONG><a name="[21c]"></a>DMA_GetDestAddress</STRONG> (Thumb, 12 bytes, Stack size 0 bytes, dma.o(.text), UNUSED)

<P><STRONG><a name="[21d]"></a>DMA_SetSourceAddress</STRONG> (Thumb, 10 bytes, Stack size 0 bytes, dma.o(.text), UNUSED)

<P><STRONG><a name="[21e]"></a>DMA_GetSourceAddress</STRONG> (Thumb, 12 bytes, Stack size 0 bytes, dma.o(.text), UNUSED)

<P><STRONG><a name="[21f]"></a>DMA_CancelTransfer</STRONG> (Thumb, 14 bytes, Stack size 0 bytes, dma.o(.text), UNUSED)

<P><STRONG><a name="[e]"></a>DMA0_IRQHandler</STRONG> (Thumb, 22 bytes, Stack size 8 bytes, dma.o(.text))
<BR><BR>[Stack]<UL><LI>Max Depth = 8<LI>Call Chain = DMA0_IRQHandler
</UL>
<BR>[Address Reference Count : 1]<UL><LI> startup_mk60d10.o(RESET)
</UL>
<P><STRONG><a name="[f]"></a>DMA1_IRQHandler</STRONG> (Thumb, 22 bytes, Stack size 8 bytes, dma.o(.text))
<BR><BR>[Stack]<UL><LI>Max Depth = 8<LI>Call Chain = DMA1_IRQHandler
</UL>
<BR>[Address Reference Count : 1]<UL><LI> startup_mk60d10.o(RESET)
</UL>
<P><STRONG><a name="[10]"></a>DMA2_IRQHandler</STRONG> (Thumb, 22 bytes, Stack size 8 bytes, dma.o(.text))
<BR><BR>[Stack]<UL><LI>Max Depth = 8<LI>Call Chain = DMA2_IRQHandler
</UL>
<BR>[Address Reference Count : 1]<UL><LI> startup_mk60d10.o(RESET)
</UL>
<P><STRONG><a name="[11]"></a>DMA3_IRQHandler</STRONG> (Thumb, 48 bytes, Stack size 8 bytes, dma.o(.text))
<BR><BR>[Stack]<UL><LI>Max Depth = 8<LI>Call Chain = DMA3_IRQHandler
</UL>
<BR>[Address Reference Count : 1]<UL><LI> startup_mk60d10.o(RESET)
</UL>
<P><STRONG><a name="[12]"></a>DMA4_IRQHandler</STRONG> (Thumb, 22 bytes, Stack size 8 bytes, dma.o(.text))
<BR><BR>[Stack]<UL><LI>Max Depth = 8<LI>Call Chain = DMA4_IRQHandler
</UL>
<BR>[Address Reference Count : 1]<UL><LI> startup_mk60d10.o(RESET)
</UL>
<P><STRONG><a name="[13]"></a>DMA5_IRQHandler</STRONG> (Thumb, 22 bytes, Stack size 8 bytes, dma.o(.text))
<BR><BR>[Stack]<UL><LI>Max Depth = 8<LI>Call Chain = DMA5_IRQHandler
</UL>
<BR>[Address Reference Count : 1]<UL><LI> startup_mk60d10.o(RESET)
</UL>
<P><STRONG><a name="[14]"></a>DMA6_IRQHandler</STRONG> (Thumb, 22 bytes, Stack size 8 bytes, dma.o(.text))
<BR><BR>[Stack]<UL><LI>Max Depth = 8<LI>Call Chain = DMA6_IRQHandler
</UL>
<BR>[Address Reference Count : 1]<UL><LI> startup_mk60d10.o(RESET)
</UL>
<P><STRONG><a name="[15]"></a>DMA7_IRQHandler</STRONG> (Thumb, 22 bytes, Stack size 8 bytes, dma.o(.text))
<BR><BR>[Stack]<UL><LI>Max Depth = 8<LI>Call Chain = DMA7_IRQHandler
</UL>
<BR>[Address Reference Count : 1]<UL><LI> startup_mk60d10.o(RESET)
</UL>
<P><STRONG><a name="[16]"></a>DMA8_IRQHandler</STRONG> (Thumb, 22 bytes, Stack size 8 bytes, dma.o(.text))
<BR><BR>[Stack]<UL><LI>Max Depth = 8<LI>Call Chain = DMA8_IRQHandler
</UL>
<BR>[Address Reference Count : 1]<UL><LI> startup_mk60d10.o(RESET)
</UL>
<P><STRONG><a name="[17]"></a>DMA9_IRQHandler</STRONG> (Thumb, 22 bytes, Stack size 8 bytes, dma.o(.text))
<BR><BR>[Stack]<UL><LI>Max Depth = 8<LI>Call Chain = DMA9_IRQHandler
</UL>
<BR>[Address Reference Count : 1]<UL><LI> startup_mk60d10.o(RESET)
</UL>
<P><STRONG><a name="[18]"></a>DMA10_IRQHandler</STRONG> (Thumb, 22 bytes, Stack size 8 bytes, dma.o(.text))
<BR><BR>[Stack]<UL><LI>Max Depth = 8<LI>Call Chain = DMA10_IRQHandler
</UL>
<BR>[Address Reference Count : 1]<UL><LI> startup_mk60d10.o(RESET)
</UL>
<P><STRONG><a name="[19]"></a>DMA11_IRQHandler</STRONG> (Thumb, 22 bytes, Stack size 8 bytes, dma.o(.text))
<BR><BR>[Stack]<UL><LI>Max Depth = 8<LI>Call Chain = DMA11_IRQHandler
</UL>
<BR>[Address Reference Count : 1]<UL><LI> startup_mk60d10.o(RESET)
</UL>
<P><STRONG><a name="[1a]"></a>DMA12_IRQHandler</STRONG> (Thumb, 22 bytes, Stack size 8 bytes, dma.o(.text))
<BR><BR>[Stack]<UL><LI>Max Depth = 8<LI>Call Chain = DMA12_IRQHandler
</UL>
<BR>[Address Reference Count : 1]<UL><LI> startup_mk60d10.o(RESET)
</UL>
<P><STRONG><a name="[1b]"></a>DMA13_IRQHandler</STRONG> (Thumb, 22 bytes, Stack size 8 bytes, dma.o(.text))
<BR><BR>[Stack]<UL><LI>Max Depth = 8<LI>Call Chain = DMA13_IRQHandler
</UL>
<BR>[Address Reference Count : 1]<UL><LI> startup_mk60d10.o(RESET)
</UL>
<P><STRONG><a name="[1c]"></a>DMA14_IRQHandler</STRONG> (Thumb, 22 bytes, Stack size 8 bytes, dma.o(.text))
<BR><BR>[Stack]<UL><LI>Max Depth = 8<LI>Call Chain = DMA14_IRQHandler
</UL>
<BR>[Address Reference Count : 1]<UL><LI> startup_mk60d10.o(RESET)
</UL>
<P><STRONG><a name="[1d]"></a>DMA15_IRQHandler</STRONG> (Thumb, 22 bytes, Stack size 8 bytes, dma.o(.text))
<BR><BR>[Stack]<UL><LI>Max Depth = 8<LI>Call Chain = DMA15_IRQHandler
</UL>
<BR>[Address Reference Count : 1]<UL><LI> startup_mk60d10.o(RESET)
</UL>
<P><STRONG><a name="[be]"></a>ENET_Init</STRONG> (Thumb, 602 bytes, Stack size 16 bytes, enet.o(.text), UNUSED)
<BR><BR>[Calls]<UL><LI><a href="#[c1]">&gt;&gt;</a>&nbsp;&nbsp;&nbsp;ENET_MII_Read
<LI><a href="#[c0]">&gt;&gt;</a>&nbsp;&nbsp;&nbsp;ENET_MII_Write
<LI><a href="#[bc]">&gt;&gt;</a>&nbsp;&nbsp;&nbsp;ENET_MII_Init
<LI><a href="#[ba]">&gt;&gt;</a>&nbsp;&nbsp;&nbsp;ENET_SetAddress
<LI><a href="#[bf]">&gt;&gt;</a>&nbsp;&nbsp;&nbsp;ENET_BDInit
<LI><a href="#[b2]">&gt;&gt;</a>&nbsp;&nbsp;&nbsp;DelayMs
</UL>

<P><STRONG><a name="[c2]"></a>ENET_MacSendData</STRONG> (Thumb, 78 bytes, Stack size 16 bytes, enet.o(.text), UNUSED)
<BR><BR>[Calls]<UL><LI><a href="#[c3]">&gt;&gt;</a>&nbsp;&nbsp;&nbsp;__asm___6_enet_c_32765e4a____REVSH
</UL>

<P><STRONG><a name="[c4]"></a>ENET_MacReceiveData</STRONG> (Thumb, 80 bytes, Stack size 16 bytes, enet.o(.text), UNUSED)
<BR><BR>[Calls]<UL><LI><a href="#[c3]">&gt;&gt;</a>&nbsp;&nbsp;&nbsp;__asm___6_enet_c_32765e4a____REVSH
<LI><a href="#[c5]">&gt;&gt;</a>&nbsp;&nbsp;&nbsp;__aeabi_memcpy
</UL>

<P><STRONG><a name="[c6]"></a>ENET_ITDMAConfig</STRONG> (Thumb, 110 bytes, Stack size 8 bytes, enet.o(.text), UNUSED)
<BR><BR>[Calls]<UL><LI><a href="#[c7]">&gt;&gt;</a>&nbsp;&nbsp;&nbsp;NVIC_EnableIRQ
</UL>

<P><STRONG><a name="[220]"></a>ENET_CallbackTxInstall</STRONG> (Thumb, 8 bytes, Stack size 0 bytes, enet.o(.text), UNUSED)

<P><STRONG><a name="[221]"></a>ENET_CallbackRxInstall</STRONG> (Thumb, 8 bytes, Stack size 0 bytes, enet.o(.text), UNUSED)

<P><STRONG><a name="[222]"></a>ENET_IsTransmitComplete</STRONG> (Thumb, 36 bytes, Stack size 0 bytes, enet.o(.text), UNUSED)

<P><STRONG><a name="[5a]"></a>ENET_Transmit_IRQHandler</STRONG> (Thumb, 32 bytes, Stack size 8 bytes, enet.o(.text))
<BR><BR>[Stack]<UL><LI>Max Depth = 8<LI>Call Chain = ENET_Transmit_IRQHandler
</UL>
<BR>[Address Reference Count : 1]<UL><LI> startup_mk60d10.o(RESET)
</UL>
<P><STRONG><a name="[5b]"></a>ENET_Receive_IRQHandler</STRONG> (Thumb, 32 bytes, Stack size 8 bytes, enet.o(.text))
<BR><BR>[Stack]<UL><LI>Max Depth = 8<LI>Call Chain = ENET_Receive_IRQHandler
</UL>
<BR>[Address Reference Count : 1]<UL><LI> startup_mk60d10.o(RESET)
</UL>
<P><STRONG><a name="[cb]"></a>FTM_PWM_InvertPolarity</STRONG> (Thumb, 132 bytes, Stack size 8 bytes, ftm.o(.text))
<BR><BR>[Stack]<UL><LI>Max Depth = 8<LI>Call Chain = FTM_PWM_InvertPolarity
</UL>
<BR>[Called By]<UL><LI><a href="#[ca]">&gt;&gt;</a>&nbsp;&nbsp;&nbsp;FTM_SetMode
</UL>

<P><STRONG><a name="[cc]"></a>FTM_QD_QuickInit</STRONG> (Thumb, 380 bytes, Stack size 32 bytes, ftm.o(.text), UNUSED)
<BR><BR>[Calls]<UL><LI><a href="#[ce]">&gt;&gt;</a>&nbsp;&nbsp;&nbsp;PORT_PinOpenDrainConfig
<LI><a href="#[ca]">&gt;&gt;</a>&nbsp;&nbsp;&nbsp;FTM_SetMode
<LI><a href="#[cd]">&gt;&gt;</a>&nbsp;&nbsp;&nbsp;_FTM_InitBasic
<LI><a href="#[a3]">&gt;&gt;</a>&nbsp;&nbsp;&nbsp;PORT_PinPullConfig
<LI><a href="#[a2]">&gt;&gt;</a>&nbsp;&nbsp;&nbsp;PORT_PinMuxConfig
</UL>

<P><STRONG><a name="[223]"></a>FTM_QD_GetData</STRONG> (Thumb, 30 bytes, Stack size 0 bytes, ftm.o(.text), UNUSED)

<P><STRONG><a name="[224]"></a>FTM_QD_ClearCount</STRONG> (Thumb, 12 bytes, Stack size 0 bytes, ftm.o(.text), UNUSED)

<P><STRONG><a name="[d0]"></a>FTM_PWM_ChangeDuty</STRONG> (Thumb, 150 bytes, Stack size 16 bytes, ftm.o(.text))
<BR><BR>[Stack]<UL><LI>Max Depth = 16<LI>Call Chain = FTM_PWM_ChangeDuty
</UL>
<BR>[Called By]<UL><LI><a href="#[cf]">&gt;&gt;</a>&nbsp;&nbsp;&nbsp;FTM_PWM_QuickInit
<LI><a href="#[7a]">&gt;&gt;</a>&nbsp;&nbsp;&nbsp;SCU_TASK
<LI><a href="#[7c]">&gt;&gt;</a>&nbsp;&nbsp;&nbsp;DIR_TASK
<LI><a href="#[122]">&gt;&gt;</a>&nbsp;&nbsp;&nbsp;PWM_Config
</UL>

<P><STRONG><a name="[cf]"></a>FTM_PWM_QuickInit</STRONG> (Thumb, 328 bytes, Stack size 56 bytes, ftm.o(.text))
<BR><BR>[Stack]<UL><LI>Max Depth = 96<LI>Call Chain = FTM_PWM_QuickInit &rArr; FTM_SetMode &rArr; FTM_DualChlConfig
</UL>
<BR>[Calls]<UL><LI><a href="#[d0]">&gt;&gt;</a>&nbsp;&nbsp;&nbsp;FTM_PWM_ChangeDuty
<LI><a href="#[ca]">&gt;&gt;</a>&nbsp;&nbsp;&nbsp;FTM_SetMode
<LI><a href="#[cd]">&gt;&gt;</a>&nbsp;&nbsp;&nbsp;_FTM_InitBasic
<LI><a href="#[bd]">&gt;&gt;</a>&nbsp;&nbsp;&nbsp;CLOCK_GetClockFrequency
<LI><a href="#[a2]">&gt;&gt;</a>&nbsp;&nbsp;&nbsp;PORT_PinMuxConfig
</UL>
<BR>[Called By]<UL><LI><a href="#[122]">&gt;&gt;</a>&nbsp;&nbsp;&nbsp;PWM_Config
</UL>

<P><STRONG><a name="[d1]"></a>FTM_IC_QuickInit</STRONG> (Thumb, 82 bytes, Stack size 24 bytes, ftm.o(.text), UNUSED)
<BR><BR>[Calls]<UL><LI><a href="#[ca]">&gt;&gt;</a>&nbsp;&nbsp;&nbsp;FTM_SetMode
<LI><a href="#[cd]">&gt;&gt;</a>&nbsp;&nbsp;&nbsp;_FTM_InitBasic
<LI><a href="#[a2]">&gt;&gt;</a>&nbsp;&nbsp;&nbsp;PORT_PinMuxConfig
</UL>

<P><STRONG><a name="[225]"></a>FTM_IC_SetTriggerMode</STRONG> (Thumb, 194 bytes, Stack size 8 bytes, ftm.o(.text), UNUSED)

<P><STRONG><a name="[226]"></a>FTM_GetChlCounter</STRONG> (Thumb, 18 bytes, Stack size 0 bytes, ftm.o(.text), UNUSED)

<P><STRONG><a name="[227]"></a>FTM_SetMoudleCounter</STRONG> (Thumb, 10 bytes, Stack size 0 bytes, ftm.o(.text), UNUSED)

<P><STRONG><a name="[228]"></a>FTM_CallbackInstall</STRONG> (Thumb, 10 bytes, Stack size 0 bytes, ftm.o(.text), UNUSED)

<P><STRONG><a name="[229]"></a>FTM_ITDMAConfig</STRONG> (Thumb, 370 bytes, Stack size 12 bytes, ftm.o(.text), UNUSED)

<P><STRONG><a name="[4c]"></a>FTM0_IRQHandler</STRONG> (Thumb, 102 bytes, Stack size 8 bytes, ftm.o(.text))
<BR><BR>[Stack]<UL><LI>Max Depth = 8<LI>Call Chain = FTM0_IRQHandler
</UL>
<BR>[Address Reference Count : 1]<UL><LI> startup_mk60d10.o(RESET)
</UL>
<P><STRONG><a name="[4d]"></a>FTM1_IRQHandler</STRONG> (Thumb, 102 bytes, Stack size 8 bytes, ftm.o(.text))
<BR><BR>[Stack]<UL><LI>Max Depth = 8<LI>Call Chain = FTM1_IRQHandler
</UL>
<BR>[Address Reference Count : 1]<UL><LI> startup_mk60d10.o(RESET)
</UL>
<P><STRONG><a name="[4e]"></a>FTM2_IRQHandler</STRONG> (Thumb, 102 bytes, Stack size 8 bytes, ftm.o(.text))
<BR><BR>[Stack]<UL><LI>Max Depth = 8<LI>Call Chain = FTM2_IRQHandler
</UL>
<BR>[Address Reference Count : 1]<UL><LI> startup_mk60d10.o(RESET)
</UL>
<P><STRONG><a name="[a2]"></a>PORT_PinMuxConfig</STRONG> (Thumb, 74 bytes, Stack size 8 bytes, gpio.o(.text))
<BR><BR>[Stack]<UL><LI>Max Depth = 8<LI>Call Chain = PORT_PinMuxConfig
</UL>
<BR>[Called By]<UL><LI><a href="#[eb]">&gt;&gt;</a>&nbsp;&nbsp;&nbsp;LPTMR_PC_QuickInit
<LI><a href="#[d9]">&gt;&gt;</a>&nbsp;&nbsp;&nbsp;I2C_QuickInit
<LI><a href="#[d2]">&gt;&gt;</a>&nbsp;&nbsp;&nbsp;GPIO_Init
<LI><a href="#[d1]">&gt;&gt;</a>&nbsp;&nbsp;&nbsp;FTM_IC_QuickInit
<LI><a href="#[cf]">&gt;&gt;</a>&nbsp;&nbsp;&nbsp;FTM_PWM_QuickInit
<LI><a href="#[cc]">&gt;&gt;</a>&nbsp;&nbsp;&nbsp;FTM_QD_QuickInit
<LI><a href="#[ab]">&gt;&gt;</a>&nbsp;&nbsp;&nbsp;CAN_QuickInit
<LI><a href="#[a1]">&gt;&gt;</a>&nbsp;&nbsp;&nbsp;ADC_QuickInit
<LI><a href="#[10b]">&gt;&gt;</a>&nbsp;&nbsp;&nbsp;UART_QuickInit
<LI><a href="#[102]">&gt;&gt;</a>&nbsp;&nbsp;&nbsp;TSI_QuickInit
<LI><a href="#[fb]">&gt;&gt;</a>&nbsp;&nbsp;&nbsp;SPI_QuickInit
</UL>

<P><STRONG><a name="[a3]"></a>PORT_PinPullConfig</STRONG> (Thumb, 162 bytes, Stack size 8 bytes, gpio.o(.text))
<BR><BR>[Stack]<UL><LI>Max Depth = 8<LI>Call Chain = PORT_PinPullConfig
</UL>
<BR>[Called By]<UL><LI><a href="#[d9]">&gt;&gt;</a>&nbsp;&nbsp;&nbsp;I2C_QuickInit
<LI><a href="#[d2]">&gt;&gt;</a>&nbsp;&nbsp;&nbsp;GPIO_Init
<LI><a href="#[cc]">&gt;&gt;</a>&nbsp;&nbsp;&nbsp;FTM_QD_QuickInit
<LI><a href="#[a1]">&gt;&gt;</a>&nbsp;&nbsp;&nbsp;ADC_QuickInit
</UL>

<P><STRONG><a name="[ce]"></a>PORT_PinOpenDrainConfig</STRONG> (Thumb, 74 bytes, Stack size 8 bytes, gpio.o(.text))
<BR><BR>[Stack]<UL><LI>Max Depth = 8<LI>Call Chain = PORT_PinOpenDrainConfig
</UL>
<BR>[Called By]<UL><LI><a href="#[d9]">&gt;&gt;</a>&nbsp;&nbsp;&nbsp;I2C_QuickInit
<LI><a href="#[d2]">&gt;&gt;</a>&nbsp;&nbsp;&nbsp;GPIO_Init
<LI><a href="#[cc]">&gt;&gt;</a>&nbsp;&nbsp;&nbsp;FTM_QD_QuickInit
</UL>

<P><STRONG><a name="[22a]"></a>PORT_PinPassiveFilterConfig</STRONG> (Thumb, 74 bytes, Stack size 8 bytes, gpio.o(.text), UNUSED)

<P><STRONG><a name="[d3]"></a>GPIO_PinConfig</STRONG> (Thumb, 70 bytes, Stack size 8 bytes, gpio.o(.text))
<BR><BR>[Stack]<UL><LI>Max Depth = 8<LI>Call Chain = GPIO_PinConfig
</UL>
<BR>[Called By]<UL><LI><a href="#[d2]">&gt;&gt;</a>&nbsp;&nbsp;&nbsp;GPIO_Init
</UL>

<P><STRONG><a name="[d2]"></a>GPIO_Init</STRONG> (Thumb, 196 bytes, Stack size 8 bytes, gpio.o(.text))
<BR><BR>[Stack]<UL><LI>Max Depth = 16<LI>Call Chain = GPIO_Init &rArr; GPIO_PinConfig
</UL>
<BR>[Calls]<UL><LI><a href="#[d3]">&gt;&gt;</a>&nbsp;&nbsp;&nbsp;GPIO_PinConfig
<LI><a href="#[ce]">&gt;&gt;</a>&nbsp;&nbsp;&nbsp;PORT_PinOpenDrainConfig
<LI><a href="#[a3]">&gt;&gt;</a>&nbsp;&nbsp;&nbsp;PORT_PinPullConfig
<LI><a href="#[a2]">&gt;&gt;</a>&nbsp;&nbsp;&nbsp;PORT_PinMuxConfig
</UL>
<BR>[Called By]<UL><LI><a href="#[d4]">&gt;&gt;</a>&nbsp;&nbsp;&nbsp;GPIO_QuickInit
</UL>

<P><STRONG><a name="[d4]"></a>GPIO_QuickInit</STRONG> (Thumb, 30 bytes, Stack size 24 bytes, gpio.o(.text))
<BR><BR>[Stack]<UL><LI>Max Depth = 40<LI>Call Chain = GPIO_QuickInit &rArr; GPIO_Init &rArr; GPIO_PinConfig
</UL>
<BR>[Calls]<UL><LI><a href="#[d2]">&gt;&gt;</a>&nbsp;&nbsp;&nbsp;GPIO_Init
</UL>
<BR>[Called By]<UL><LI><a href="#[130]">&gt;&gt;</a>&nbsp;&nbsp;&nbsp;OLED_pin_Config
<LI><a href="#[12f]">&gt;&gt;</a>&nbsp;&nbsp;&nbsp;GPIO_Config
<LI><a href="#[122]">&gt;&gt;</a>&nbsp;&nbsp;&nbsp;PWM_Config
</UL>

<P><STRONG><a name="[123]"></a>GPIO_WriteBit</STRONG> (Thumb, 52 bytes, Stack size 8 bytes, gpio.o(.text))
<BR><BR>[Stack]<UL><LI>Max Depth = 8<LI>Call Chain = GPIO_WriteBit
</UL>
<BR>[Called By]<UL><LI><a href="#[14b]">&gt;&gt;</a>&nbsp;&nbsp;&nbsp;LCD_WrCmd
<LI><a href="#[14a]">&gt;&gt;</a>&nbsp;&nbsp;&nbsp;LCD_WrDat
<LI><a href="#[132]">&gt;&gt;</a>&nbsp;&nbsp;&nbsp;LCD_Init
<LI><a href="#[12f]">&gt;&gt;</a>&nbsp;&nbsp;&nbsp;GPIO_Config
<LI><a href="#[122]">&gt;&gt;</a>&nbsp;&nbsp;&nbsp;PWM_Config
<LI><a href="#[11c]">&gt;&gt;</a>&nbsp;&nbsp;&nbsp;CCD_gather
</UL>

<P><STRONG><a name="[22b]"></a>GPIO_ReadBit</STRONG> (Thumb, 50 bytes, Stack size 0 bytes, gpio.o(.text), UNUSED)

<P><STRONG><a name="[22c]"></a>GPIO_ToggleBit</STRONG> (Thumb, 24 bytes, Stack size 0 bytes, gpio.o(.text), UNUSED)

<P><STRONG><a name="[22d]"></a>GPIO_ReadPort</STRONG> (Thumb, 12 bytes, Stack size 0 bytes, gpio.o(.text), UNUSED)

<P><STRONG><a name="[22e]"></a>GPIO_WritePort</STRONG> (Thumb, 10 bytes, Stack size 0 bytes, gpio.o(.text), UNUSED)

<P><STRONG><a name="[d5]"></a>GPIO_ITDMAConfig</STRONG> (Thumb, 374 bytes, Stack size 16 bytes, gpio.o(.text), UNUSED)
<BR><BR>[Calls]<UL><LI><a href="#[d6]">&gt;&gt;</a>&nbsp;&nbsp;&nbsp;NVIC_EnableIRQ
</UL>

<P><STRONG><a name="[22f]"></a>GPIO_CallbackInstall</STRONG> (Thumb, 26 bytes, Stack size 0 bytes, gpio.o(.text), UNUSED)

<P><STRONG><a name="[65]"></a>PORTA_IRQHandler</STRONG> (Thumb, 38 bytes, Stack size 8 bytes, gpio.o(.text))
<BR><BR>[Stack]<UL><LI>Max Depth = 8<LI>Call Chain = PORTA_IRQHandler
</UL>
<BR>[Address Reference Count : 1]<UL><LI> startup_mk60d10.o(RESET)
</UL>
<P><STRONG><a name="[66]"></a>PORTB_IRQHandler</STRONG> (Thumb, 38 bytes, Stack size 8 bytes, gpio.o(.text))
<BR><BR>[Stack]<UL><LI>Max Depth = 8<LI>Call Chain = PORTB_IRQHandler
</UL>
<BR>[Address Reference Count : 1]<UL><LI> startup_mk60d10.o(RESET)
</UL>
<P><STRONG><a name="[67]"></a>PORTC_IRQHandler</STRONG> (Thumb, 38 bytes, Stack size 8 bytes, gpio.o(.text))
<BR><BR>[Stack]<UL><LI>Max Depth = 8<LI>Call Chain = PORTC_IRQHandler
</UL>
<BR>[Address Reference Count : 1]<UL><LI> startup_mk60d10.o(RESET)
</UL>
<P><STRONG><a name="[68]"></a>PORTD_IRQHandler</STRONG> (Thumb, 38 bytes, Stack size 8 bytes, gpio.o(.text))
<BR><BR>[Stack]<UL><LI>Max Depth = 8<LI>Call Chain = PORTD_IRQHandler
</UL>
<BR>[Address Reference Count : 1]<UL><LI> startup_mk60d10.o(RESET)
</UL>
<P><STRONG><a name="[69]"></a>PORTE_IRQHandler</STRONG> (Thumb, 38 bytes, Stack size 8 bytes, gpio.o(.text))
<BR><BR>[Stack]<UL><LI>Max Depth = 8<LI>Call Chain = PORTE_IRQHandler
</UL>
<BR>[Address Reference Count : 1]<UL><LI> startup_mk60d10.o(RESET)
</UL>
<P><STRONG><a name="[d7]"></a>I2C_Init</STRONG> (Thumb, 90 bytes, Stack size 16 bytes, i2c.o(.text), UNUSED)
<BR><BR>[Calls]<UL><LI><a href="#[d8]">&gt;&gt;</a>&nbsp;&nbsp;&nbsp;I2C_SetBaudrate
<LI><a href="#[bd]">&gt;&gt;</a>&nbsp;&nbsp;&nbsp;CLOCK_GetClockFrequency
</UL>
<BR>[Called By]<UL><LI><a href="#[d9]">&gt;&gt;</a>&nbsp;&nbsp;&nbsp;I2C_QuickInit
</UL>

<P><STRONG><a name="[d9]"></a>I2C_QuickInit</STRONG> (Thumb, 120 bytes, Stack size 32 bytes, i2c.o(.text), UNUSED)
<BR><BR>[Calls]<UL><LI><a href="#[d7]">&gt;&gt;</a>&nbsp;&nbsp;&nbsp;I2C_Init
<LI><a href="#[ce]">&gt;&gt;</a>&nbsp;&nbsp;&nbsp;PORT_PinOpenDrainConfig
<LI><a href="#[a3]">&gt;&gt;</a>&nbsp;&nbsp;&nbsp;PORT_PinPullConfig
<LI><a href="#[a2]">&gt;&gt;</a>&nbsp;&nbsp;&nbsp;PORT_PinMuxConfig
</UL>

<P><STRONG><a name="[db]"></a>I2C_GenerateSTART</STRONG> (Thumb, 42 bytes, Stack size 0 bytes, i2c.o(.text), UNUSED)
<BR><BR>[Called By]<UL><LI><a href="#[e9]">&gt;&gt;</a>&nbsp;&nbsp;&nbsp;SCCB_ReadSingleRegister
<LI><a href="#[e6]">&gt;&gt;</a>&nbsp;&nbsp;&nbsp;I2C_BurstWrite
<LI><a href="#[da]">&gt;&gt;</a>&nbsp;&nbsp;&nbsp;I2C_BurstRead
</UL>

<P><STRONG><a name="[e1]"></a>I2C_GenerateRESTART</STRONG> (Thumb, 22 bytes, Stack size 0 bytes, i2c.o(.text), UNUSED)
<BR><BR>[Called By]<UL><LI><a href="#[da]">&gt;&gt;</a>&nbsp;&nbsp;&nbsp;I2C_BurstRead
</UL>

<P><STRONG><a name="[de]"></a>I2C_GenerateSTOP</STRONG> (Thumb, 42 bytes, Stack size 0 bytes, i2c.o(.text), UNUSED)
<BR><BR>[Called By]<UL><LI><a href="#[e9]">&gt;&gt;</a>&nbsp;&nbsp;&nbsp;SCCB_ReadSingleRegister
<LI><a href="#[e6]">&gt;&gt;</a>&nbsp;&nbsp;&nbsp;I2C_BurstWrite
<LI><a href="#[da]">&gt;&gt;</a>&nbsp;&nbsp;&nbsp;I2C_BurstRead
</UL>

<P><STRONG><a name="[e0]"></a>I2C_SendData</STRONG> (Thumb, 10 bytes, Stack size 0 bytes, i2c.o(.text), UNUSED)
<BR><BR>[Called By]<UL><LI><a href="#[e9]">&gt;&gt;</a>&nbsp;&nbsp;&nbsp;SCCB_ReadSingleRegister
<LI><a href="#[e6]">&gt;&gt;</a>&nbsp;&nbsp;&nbsp;I2C_BurstWrite
<LI><a href="#[da]">&gt;&gt;</a>&nbsp;&nbsp;&nbsp;I2C_BurstRead
</UL>

<P><STRONG><a name="[e3]"></a>I2C_ReadData</STRONG> (Thumb, 12 bytes, Stack size 0 bytes, i2c.o(.text), UNUSED)
<BR><BR>[Called By]<UL><LI><a href="#[e9]">&gt;&gt;</a>&nbsp;&nbsp;&nbsp;SCCB_ReadSingleRegister
<LI><a href="#[da]">&gt;&gt;</a>&nbsp;&nbsp;&nbsp;I2C_BurstRead
</UL>

<P><STRONG><a name="[dc]"></a>I2C_Send7bitAddress</STRONG> (Thumb, 28 bytes, Stack size 0 bytes, i2c.o(.text), UNUSED)
<BR><BR>[Called By]<UL><LI><a href="#[e9]">&gt;&gt;</a>&nbsp;&nbsp;&nbsp;SCCB_ReadSingleRegister
<LI><a href="#[e6]">&gt;&gt;</a>&nbsp;&nbsp;&nbsp;I2C_BurstWrite
<LI><a href="#[da]">&gt;&gt;</a>&nbsp;&nbsp;&nbsp;I2C_BurstRead
</UL>

<P><STRONG><a name="[dd]"></a>I2C_WaitAck</STRONG> (Thumb, 118 bytes, Stack size 0 bytes, i2c.o(.text), UNUSED)
<BR><BR>[Called By]<UL><LI><a href="#[e9]">&gt;&gt;</a>&nbsp;&nbsp;&nbsp;SCCB_ReadSingleRegister
<LI><a href="#[e6]">&gt;&gt;</a>&nbsp;&nbsp;&nbsp;I2C_BurstWrite
<LI><a href="#[da]">&gt;&gt;</a>&nbsp;&nbsp;&nbsp;I2C_BurstRead
</UL>

<P><STRONG><a name="[e2]"></a>I2C_SetMasterMode</STRONG> (Thumb, 48 bytes, Stack size 0 bytes, i2c.o(.text), UNUSED)
<BR><BR>[Called By]<UL><LI><a href="#[e9]">&gt;&gt;</a>&nbsp;&nbsp;&nbsp;SCCB_ReadSingleRegister
<LI><a href="#[da]">&gt;&gt;</a>&nbsp;&nbsp;&nbsp;I2C_BurstRead
</UL>

<P><STRONG><a name="[e5]"></a>I2C_GenerateNAck</STRONG> (Thumb, 22 bytes, Stack size 0 bytes, i2c.o(.text), UNUSED)
<BR><BR>[Called By]<UL><LI><a href="#[e9]">&gt;&gt;</a>&nbsp;&nbsp;&nbsp;SCCB_ReadSingleRegister
<LI><a href="#[da]">&gt;&gt;</a>&nbsp;&nbsp;&nbsp;I2C_BurstRead
</UL>

<P><STRONG><a name="[e4]"></a>I2C_GenerateAck</STRONG> (Thumb, 22 bytes, Stack size 0 bytes, i2c.o(.text), UNUSED)
<BR><BR>[Called By]<UL><LI><a href="#[e9]">&gt;&gt;</a>&nbsp;&nbsp;&nbsp;SCCB_ReadSingleRegister
<LI><a href="#[da]">&gt;&gt;</a>&nbsp;&nbsp;&nbsp;I2C_BurstRead
</UL>

<P><STRONG><a name="[230]"></a>I2C_ITDMAConfig</STRONG> (Thumb, 162 bytes, Stack size 12 bytes, i2c.o(.text), UNUSED)

<P><STRONG><a name="[231]"></a>I2C_CallbackInstall</STRONG> (Thumb, 10 bytes, Stack size 0 bytes, i2c.o(.text), UNUSED)

<P><STRONG><a name="[df]"></a>I2C_IsBusy</STRONG> (Thumb, 24 bytes, Stack size 0 bytes, i2c.o(.text), UNUSED)
<BR><BR>[Called By]<UL><LI><a href="#[e9]">&gt;&gt;</a>&nbsp;&nbsp;&nbsp;SCCB_ReadSingleRegister
<LI><a href="#[e6]">&gt;&gt;</a>&nbsp;&nbsp;&nbsp;I2C_BurstWrite
<LI><a href="#[da]">&gt;&gt;</a>&nbsp;&nbsp;&nbsp;I2C_BurstRead
</UL>

<P><STRONG><a name="[da]"></a>I2C_BurstRead</STRONG> (Thumb, 352 bytes, Stack size 52 bytes, i2c.o(.text), UNUSED)
<BR><BR>[Calls]<UL><LI><a href="#[df]">&gt;&gt;</a>&nbsp;&nbsp;&nbsp;I2C_IsBusy
<LI><a href="#[e4]">&gt;&gt;</a>&nbsp;&nbsp;&nbsp;I2C_GenerateAck
<LI><a href="#[e5]">&gt;&gt;</a>&nbsp;&nbsp;&nbsp;I2C_GenerateNAck
<LI><a href="#[e2]">&gt;&gt;</a>&nbsp;&nbsp;&nbsp;I2C_SetMasterMode
<LI><a href="#[dd]">&gt;&gt;</a>&nbsp;&nbsp;&nbsp;I2C_WaitAck
<LI><a href="#[dc]">&gt;&gt;</a>&nbsp;&nbsp;&nbsp;I2C_Send7bitAddress
<LI><a href="#[e3]">&gt;&gt;</a>&nbsp;&nbsp;&nbsp;I2C_ReadData
<LI><a href="#[e0]">&gt;&gt;</a>&nbsp;&nbsp;&nbsp;I2C_SendData
<LI><a href="#[de]">&gt;&gt;</a>&nbsp;&nbsp;&nbsp;I2C_GenerateSTOP
<LI><a href="#[e1]">&gt;&gt;</a>&nbsp;&nbsp;&nbsp;I2C_GenerateRESTART
<LI><a href="#[db]">&gt;&gt;</a>&nbsp;&nbsp;&nbsp;I2C_GenerateSTART
</UL>
<BR>[Called By]<UL><LI><a href="#[e8]">&gt;&gt;</a>&nbsp;&nbsp;&nbsp;I2C_ReadSingleRegister
</UL>

<P><STRONG><a name="[e6]"></a>I2C_BurstWrite</STRONG> (Thumb, 224 bytes, Stack size 48 bytes, i2c.o(.text), UNUSED)
<BR><BR>[Calls]<UL><LI><a href="#[df]">&gt;&gt;</a>&nbsp;&nbsp;&nbsp;I2C_IsBusy
<LI><a href="#[dd]">&gt;&gt;</a>&nbsp;&nbsp;&nbsp;I2C_WaitAck
<LI><a href="#[dc]">&gt;&gt;</a>&nbsp;&nbsp;&nbsp;I2C_Send7bitAddress
<LI><a href="#[e0]">&gt;&gt;</a>&nbsp;&nbsp;&nbsp;I2C_SendData
<LI><a href="#[de]">&gt;&gt;</a>&nbsp;&nbsp;&nbsp;I2C_GenerateSTOP
<LI><a href="#[db]">&gt;&gt;</a>&nbsp;&nbsp;&nbsp;I2C_GenerateSTART
</UL>
<BR>[Called By]<UL><LI><a href="#[e7]">&gt;&gt;</a>&nbsp;&nbsp;&nbsp;I2C_WriteSingleRegister
</UL>

<P><STRONG><a name="[e7]"></a>I2C_WriteSingleRegister</STRONG> (Thumb, 34 bytes, Stack size 40 bytes, i2c.o(.text), UNUSED)
<BR><BR>[Calls]<UL><LI><a href="#[e6]">&gt;&gt;</a>&nbsp;&nbsp;&nbsp;I2C_BurstWrite
</UL>
<BR>[Called By]<UL><LI><a href="#[ea]">&gt;&gt;</a>&nbsp;&nbsp;&nbsp;SCCB_WriteSingleRegister
</UL>

<P><STRONG><a name="[e8]"></a>I2C_ReadSingleRegister</STRONG> (Thumb, 32 bytes, Stack size 28 bytes, i2c.o(.text), UNUSED)
<BR><BR>[Calls]<UL><LI><a href="#[da]">&gt;&gt;</a>&nbsp;&nbsp;&nbsp;I2C_BurstRead
</UL>

<P><STRONG><a name="[e9]"></a>SCCB_ReadSingleRegister</STRONG> (Thumb, 256 bytes, Stack size 24 bytes, i2c.o(.text), UNUSED)
<BR><BR>[Calls]<UL><LI><a href="#[df]">&gt;&gt;</a>&nbsp;&nbsp;&nbsp;I2C_IsBusy
<LI><a href="#[e4]">&gt;&gt;</a>&nbsp;&nbsp;&nbsp;I2C_GenerateAck
<LI><a href="#[e5]">&gt;&gt;</a>&nbsp;&nbsp;&nbsp;I2C_GenerateNAck
<LI><a href="#[e2]">&gt;&gt;</a>&nbsp;&nbsp;&nbsp;I2C_SetMasterMode
<LI><a href="#[dd]">&gt;&gt;</a>&nbsp;&nbsp;&nbsp;I2C_WaitAck
<LI><a href="#[dc]">&gt;&gt;</a>&nbsp;&nbsp;&nbsp;I2C_Send7bitAddress
<LI><a href="#[e3]">&gt;&gt;</a>&nbsp;&nbsp;&nbsp;I2C_ReadData
<LI><a href="#[e0]">&gt;&gt;</a>&nbsp;&nbsp;&nbsp;I2C_SendData
<LI><a href="#[de]">&gt;&gt;</a>&nbsp;&nbsp;&nbsp;I2C_GenerateSTOP
<LI><a href="#[db]">&gt;&gt;</a>&nbsp;&nbsp;&nbsp;I2C_GenerateSTART
</UL>

<P><STRONG><a name="[ea]"></a>SCCB_WriteSingleRegister</STRONG> (Thumb, 24 bytes, Stack size 20 bytes, i2c.o(.text), UNUSED)
<BR><BR>[Calls]<UL><LI><a href="#[e7]">&gt;&gt;</a>&nbsp;&nbsp;&nbsp;I2C_WriteSingleRegister
</UL>

<P><STRONG><a name="[26]"></a>I2C0_IRQHandler</STRONG> (Thumb, 32 bytes, Stack size 8 bytes, i2c.o(.text))
<BR><BR>[Stack]<UL><LI>Max Depth = 8<LI>Call Chain = I2C0_IRQHandler
</UL>
<BR>[Address Reference Count : 1]<UL><LI> startup_mk60d10.o(RESET)
</UL>
<P><STRONG><a name="[27]"></a>I2C1_IRQHandler</STRONG> (Thumb, 32 bytes, Stack size 8 bytes, i2c.o(.text))
<BR><BR>[Stack]<UL><LI>Max Depth = 8<LI>Call Chain = I2C1_IRQHandler
</UL>
<BR>[Address Reference Count : 1]<UL><LI> startup_mk60d10.o(RESET)
</UL>
<P><STRONG><a name="[232]"></a>LPTMR_TC_Init</STRONG> (Thumb, 72 bytes, Stack size 0 bytes, lptmr.o(.text), UNUSED)

<P><STRONG><a name="[ec]"></a>LPTMR_PC_Init</STRONG> (Thumb, 172 bytes, Stack size 0 bytes, lptmr.o(.text))
<BR><BR>[Called By]<UL><LI><a href="#[eb]">&gt;&gt;</a>&nbsp;&nbsp;&nbsp;LPTMR_PC_QuickInit
</UL>

<P><STRONG><a name="[233]"></a>LPTMR_ITDMAConfig</STRONG> (Thumb, 110 bytes, Stack size 8 bytes, lptmr.o(.text), UNUSED)

<P><STRONG><a name="[234]"></a>LPTMR_CallbackInstall</STRONG> (Thumb, 20 bytes, Stack size 0 bytes, lptmr.o(.text), UNUSED)

<P><STRONG><a name="[128]"></a>LPTMR_PC_ReadCounter</STRONG> (Thumb, 18 bytes, Stack size 0 bytes, lptmr.o(.text))
<BR><BR>[Called By]<UL><LI><a href="#[126]">&gt;&gt;</a>&nbsp;&nbsp;&nbsp;Pulse_Counting_ISR
</UL>

<P><STRONG><a name="[eb]"></a>LPTMR_PC_QuickInit</STRONG> (Thumb, 110 bytes, Stack size 24 bytes, lptmr.o(.text))
<BR><BR>[Stack]<UL><LI>Max Depth = 32<LI>Call Chain = LPTMR_PC_QuickInit &rArr; PORT_PinMuxConfig
</UL>
<BR>[Calls]<UL><LI><a href="#[ec]">&gt;&gt;</a>&nbsp;&nbsp;&nbsp;LPTMR_PC_Init
<LI><a href="#[a2]">&gt;&gt;</a>&nbsp;&nbsp;&nbsp;PORT_PinMuxConfig
</UL>
<BR>[Called By]<UL><LI><a href="#[12e]">&gt;&gt;</a>&nbsp;&nbsp;&nbsp;LPT_Config
</UL>

<P><STRONG><a name="[129]"></a>LPTMR_ClearCounter</STRONG> (Thumb, 24 bytes, Stack size 0 bytes, lptmr.o(.text))
<BR><BR>[Called By]<UL><LI><a href="#[126]">&gt;&gt;</a>&nbsp;&nbsp;&nbsp;Pulse_Counting_ISR
</UL>

<P><STRONG><a name="[63]"></a>LPTimer_IRQHandler</STRONG> (Thumb, 28 bytes, Stack size 8 bytes, lptmr.o(.text))
<BR><BR>[Stack]<UL><LI>Max Depth = 8<LI>Call Chain = LPTimer_IRQHandler
</UL>
<BR>[Address Reference Count : 1]<UL><LI> startup_mk60d10.o(RESET)
</UL>
<P><STRONG><a name="[ed]"></a>PIT_Init</STRONG> (Thumb, 114 bytes, Stack size 8 bytes, pit.o(.text))
<BR><BR>[Stack]<UL><LI>Max Depth = 16<LI>Call Chain = PIT_Init &rArr; CLOCK_GetClockFrequency
</UL>
<BR>[Calls]<UL><LI><a href="#[bd]">&gt;&gt;</a>&nbsp;&nbsp;&nbsp;CLOCK_GetClockFrequency
</UL>
<BR>[Called By]<UL><LI><a href="#[ee]">&gt;&gt;</a>&nbsp;&nbsp;&nbsp;PIT_QuickInit
</UL>

<P><STRONG><a name="[ee]"></a>PIT_QuickInit</STRONG> (Thumb, 20 bytes, Stack size 24 bytes, pit.o(.text))
<BR><BR>[Stack]<UL><LI>Max Depth = 40<LI>Call Chain = PIT_QuickInit &rArr; PIT_Init &rArr; CLOCK_GetClockFrequency
</UL>
<BR>[Calls]<UL><LI><a href="#[ed]">&gt;&gt;</a>&nbsp;&nbsp;&nbsp;PIT_Init
</UL>
<BR>[Called By]<UL><LI><a href="#[12b]">&gt;&gt;</a>&nbsp;&nbsp;&nbsp;PIT_Config
</UL>

<P><STRONG><a name="[12d]"></a>PIT_ITDMAConfig</STRONG> (Thumb, 116 bytes, Stack size 8 bytes, pit.o(.text))
<BR><BR>[Stack]<UL><LI>Max Depth = 8<LI>Call Chain = PIT_ITDMAConfig
</UL>
<BR>[Called By]<UL><LI><a href="#[12b]">&gt;&gt;</a>&nbsp;&nbsp;&nbsp;PIT_Config
</UL>

<P><STRONG><a name="[235]"></a>PIT_ResetCounter</STRONG> (Thumb, 42 bytes, Stack size 0 bytes, pit.o(.text), UNUSED)

<P><STRONG><a name="[236]"></a>PIT_GetCounterValue</STRONG> (Thumb, 12 bytes, Stack size 0 bytes, pit.o(.text), UNUSED)

<P><STRONG><a name="[12c]"></a>PIT_CallbackInstall</STRONG> (Thumb, 22 bytes, Stack size 0 bytes, pit.o(.text))
<BR><BR>[Called By]<UL><LI><a href="#[12b]">&gt;&gt;</a>&nbsp;&nbsp;&nbsp;PIT_Config
</UL>

<P><STRONG><a name="[52]"></a>PIT0_IRQHandler</STRONG> (Thumb, 32 bytes, Stack size 8 bytes, pit.o(.text))
<BR><BR>[Stack]<UL><LI>Max Depth = 8<LI>Call Chain = PIT0_IRQHandler
</UL>
<BR>[Address Reference Count : 1]<UL><LI> startup_mk60d10.o(RESET)
</UL>
<P><STRONG><a name="[53]"></a>PIT1_IRQHandler</STRONG> (Thumb, 32 bytes, Stack size 8 bytes, pit.o(.text))
<BR><BR>[Stack]<UL><LI>Max Depth = 8<LI>Call Chain = PIT1_IRQHandler
</UL>
<BR>[Address Reference Count : 1]<UL><LI> startup_mk60d10.o(RESET)
</UL>
<P><STRONG><a name="[54]"></a>PIT2_IRQHandler</STRONG> (Thumb, 32 bytes, Stack size 8 bytes, pit.o(.text))
<BR><BR>[Stack]<UL><LI>Max Depth = 8<LI>Call Chain = PIT2_IRQHandler
</UL>
[...]
<BR><BR>[Stack]<UL><LI>Max Depth = 32<LI>Call Chain = __aeabi_d2iz
</UL>
<BR>[Called By]<UL><LI><a href="#[114]">&gt;&gt;</a>&nbsp;&nbsp;&nbsp;PID_Calc
<LI><a href="#[1c8]">&gt;&gt;</a>&nbsp;&nbsp;&nbsp;__kernel_tan
<LI><a href="#[1c4]">&gt;&gt;</a>&nbsp;&nbsp;&nbsp;__ieee754_rem_pio2
</UL>

<P><STRONG><a name="[1d4]"></a>_dfix</STRONG> (Thumb, 94 bytes, Stack size 32 bytes, dfix.o(x$fpl$dfix), UNUSED)
<BR><BR>[Calls]<UL><LI><a href="#[1cd]">&gt;&gt;</a>&nbsp;&nbsp;&nbsp;__fpl_dnaninf
</UL>

<P><STRONG><a name="[117]"></a>__aeabi_i2d</STRONG> (Thumb, 0 bytes, Stack size 0 bytes, dflt_clz.o(x$fpl$dflt))
<BR><BR>[Called By]<UL><LI><a href="#[7c]">&gt;&gt;</a>&nbsp;&nbsp;&nbsp;DIR_TASK
<LI><a href="#[136]">&gt;&gt;</a>&nbsp;&nbsp;&nbsp;Voltage_Show
<LI><a href="#[114]">&gt;&gt;</a>&nbsp;&nbsp;&nbsp;PID_Calc
<LI><a href="#[1c8]">&gt;&gt;</a>&nbsp;&nbsp;&nbsp;__kernel_tan
<LI><a href="#[1c4]">&gt;&gt;</a>&nbsp;&nbsp;&nbsp;__ieee754_rem_pio2
</UL>

<P><STRONG><a name="[25a]"></a>_dflt</STRONG> (Thumb, 46 bytes, Stack size 0 bytes, dflt_clz.o(x$fpl$dflt), UNUSED)

<P><STRONG><a name="[116]"></a>__aeabi_ui2d</STRONG> (Thumb, 0 bytes, Stack size 0 bytes, dflt_clz.o(x$fpl$dfltu))
<BR><BR>[Called By]<UL><LI><a href="#[7c]">&gt;&gt;</a>&nbsp;&nbsp;&nbsp;DIR_TASK
<LI><a href="#[118]">&gt;&gt;</a>&nbsp;&nbsp;&nbsp;Servo_Angle
<LI><a href="#[1c4]">&gt;&gt;</a>&nbsp;&nbsp;&nbsp;__ieee754_rem_pio2
</UL>

<P><STRONG><a name="[25b]"></a>_dfltu</STRONG> (Thumb, 38 bytes, Stack size 0 bytes, dflt_clz.o(x$fpl$dfltu), UNUSED)

<P><STRONG><a name="[142]"></a>__aeabi_cdcmple</STRONG> (Thumb, 0 bytes, Stack size 32 bytes, dleqf.o(x$fpl$dleqf))
<BR><BR>[Stack]<UL><LI>Max Depth = 32<LI>Call Chain = __aeabi_cdcmple
</UL>
<BR>[Called By]<UL><LI><a href="#[119]">&gt;&gt;</a>&nbsp;&nbsp;&nbsp;Servo_pwm
</UL>

<P><STRONG><a name="[1d5]"></a>_dcmple</STRONG> (Thumb, 120 bytes, Stack size 32 bytes, dleqf.o(x$fpl$dleqf), UNUSED)
<BR><BR>[Calls]<UL><LI><a href="#[1cd]">&gt;&gt;</a>&nbsp;&nbsp;&nbsp;__fpl_dnaninf
<LI><a href="#[1d6]">&gt;&gt;</a>&nbsp;&nbsp;&nbsp;__fpl_dcmp_Inf
</UL>

<P><STRONG><a name="[1d9]"></a>__fpl_dcmple_InfNaN</STRONG> (Thumb, 0 bytes, Stack size unknown bytes, dleqf.o(x$fpl$dleqf), UNUSED)
<BR><BR>[Called By]<UL><LI><a href="#[1d8]">&gt;&gt;</a>&nbsp;&nbsp;&nbsp;_drcmple
</UL>

<P><STRONG><a name="[138]"></a>__aeabi_dmul</STRONG> (Thumb, 0 bytes, Stack size 32 bytes, dmul.o(x$fpl$dmul))
<BR><BR>[Stack]<UL><LI>Max Depth = 32<LI>Call Chain = __aeabi_dmul
</UL>
<BR>[Called By]<UL><LI><a href="#[136]">&gt;&gt;</a>&nbsp;&nbsp;&nbsp;Voltage_Show
<LI><a href="#[119]">&gt;&gt;</a>&nbsp;&nbsp;&nbsp;Servo_pwm
<LI><a href="#[118]">&gt;&gt;</a>&nbsp;&nbsp;&nbsp;Servo_Angle
<LI><a href="#[114]">&gt;&gt;</a>&nbsp;&nbsp;&nbsp;PID_Calc
<LI><a href="#[1c8]">&gt;&gt;</a>&nbsp;&nbsp;&nbsp;__kernel_tan
<LI><a href="#[1c4]">&gt;&gt;</a>&nbsp;&nbsp;&nbsp;__ieee754_rem_pio2
<LI><a href="#[1c7]">&gt;&gt;</a>&nbsp;&nbsp;&nbsp;__kernel_poly
<LI><a href="#[140]">&gt;&gt;</a>&nbsp;&nbsp;&nbsp;atan
</UL>

<P><STRONG><a name="[1d7]"></a>_dmul</STRONG> (Thumb, 332 bytes, Stack size 32 bytes, dmul.o(x$fpl$dmul), UNUSED)
<BR><BR>[Calls]<UL><LI><a href="#[1d0]">&gt;&gt;</a>&nbsp;&nbsp;&nbsp;__fpl_dretinf
<LI><a href="#[1cd]">&gt;&gt;</a>&nbsp;&nbsp;&nbsp;__fpl_dnaninf
</UL>

<P><STRONG><a name="[1cd]"></a>__fpl_dnaninf</STRONG> (Thumb, 156 bytes, Stack size 16 bytes, dnaninf.o(x$fpl$dnaninf), UNUSED)
<BR><BR>[Called By]<UL><LI><a href="#[1d7]">&gt;&gt;</a>&nbsp;&nbsp;&nbsp;_dmul
<LI><a href="#[1d5]">&gt;&gt;</a>&nbsp;&nbsp;&nbsp;_dcmple
<LI><a href="#[1d4]">&gt;&gt;</a>&nbsp;&nbsp;&nbsp;_dfix
<LI><a href="#[1d3]">&gt;&gt;</a>&nbsp;&nbsp;&nbsp;_ddiv
<LI><a href="#[1dc]">&gt;&gt;</a>&nbsp;&nbsp;&nbsp;_dsub
<LI><a href="#[1ce]">&gt;&gt;</a>&nbsp;&nbsp;&nbsp;_dadd
<LI><a href="#[1cb]">&gt;&gt;</a>&nbsp;&nbsp;&nbsp;_d2f
</UL>

<P><STRONG><a name="[1d0]"></a>__fpl_dretinf</STRONG> (Thumb, 12 bytes, Stack size 0 bytes, dretinf.o(x$fpl$dretinf), UNUSED)
<BR><BR>[Called By]<UL><LI><a href="#[1dd]">&gt;&gt;</a>&nbsp;&nbsp;&nbsp;_f2d
<LI><a href="#[1d7]">&gt;&gt;</a>&nbsp;&nbsp;&nbsp;_dmul
<LI><a href="#[1d3]">&gt;&gt;</a>&nbsp;&nbsp;&nbsp;_ddiv
<LI><a href="#[1ce]">&gt;&gt;</a>&nbsp;&nbsp;&nbsp;_dadd
</UL>

<P><STRONG><a name="[141]"></a>__aeabi_cdrcmple</STRONG> (Thumb, 0 bytes, Stack size 16 bytes, drleqf.o(x$fpl$drleqf))
<BR><BR>[Stack]<UL><LI>Max Depth = 16<LI>Call Chain = __aeabi_cdrcmple
</UL>
<BR>[Called By]<UL><LI><a href="#[119]">&gt;&gt;</a>&nbsp;&nbsp;&nbsp;Servo_pwm
</UL>

<P><STRONG><a name="[1d8]"></a>_drcmple</STRONG> (Thumb, 108 bytes, Stack size 16 bytes, drleqf.o(x$fpl$drleqf), UNUSED)
<BR><BR>[Calls]<UL><LI><a href="#[1d9]">&gt;&gt;</a>&nbsp;&nbsp;&nbsp;__fpl_dcmple_InfNaN
</UL>

<P><STRONG><a name="[13e]"></a>__aeabi_drsub</STRONG> (Thumb, 0 bytes, Stack size 8 bytes, daddsub_clz.o(x$fpl$drsb))
<BR><BR>[Stack]<UL><LI>Max Depth = 8<LI>Call Chain = __aeabi_drsub
</UL>
<BR>[Called By]<UL><LI><a href="#[119]">&gt;&gt;</a>&nbsp;&nbsp;&nbsp;Servo_pwm
<LI><a href="#[118]">&gt;&gt;</a>&nbsp;&nbsp;&nbsp;Servo_Angle
<LI><a href="#[1c8]">&gt;&gt;</a>&nbsp;&nbsp;&nbsp;__kernel_tan
<LI><a href="#[1c4]">&gt;&gt;</a>&nbsp;&nbsp;&nbsp;__ieee754_rem_pio2
<LI><a href="#[140]">&gt;&gt;</a>&nbsp;&nbsp;&nbsp;atan
</UL>

<P><STRONG><a name="[1da]"></a>_drsb</STRONG> (Thumb, 22 bytes, Stack size 8 bytes, daddsub_clz.o(x$fpl$drsb), UNUSED)
<BR><BR>[Calls]<UL><LI><a href="#[1cf]">&gt;&gt;</a>&nbsp;&nbsp;&nbsp;_dsub1
<LI><a href="#[1db]">&gt;&gt;</a>&nbsp;&nbsp;&nbsp;_dadd1
</UL>

<P><STRONG><a name="[1c5]"></a>__aeabi_dsub</STRONG> (Thumb, 0 bytes, Stack size 32 bytes, daddsub_clz.o(x$fpl$dsub))
<BR><BR>[Stack]<UL><LI>Max Depth = 32<LI>Call Chain = __aeabi_dsub
</UL>
<BR>[Called By]<UL><LI><a href="#[1c8]">&gt;&gt;</a>&nbsp;&nbsp;&nbsp;__kernel_tan
<LI><a href="#[1c4]">&gt;&gt;</a>&nbsp;&nbsp;&nbsp;__ieee754_rem_pio2
<LI><a href="#[140]">&gt;&gt;</a>&nbsp;&nbsp;&nbsp;atan
</UL>

<P><STRONG><a name="[1dc]"></a>_dsub</STRONG> (Thumb, 464 bytes, Stack size 32 bytes, daddsub_clz.o(x$fpl$dsub), UNUSED)
<BR><BR>[Calls]<UL><LI><a href="#[1cd]">&gt;&gt;</a>&nbsp;&nbsp;&nbsp;__fpl_dnaninf
<LI><a href="#[1db]">&gt;&gt;</a>&nbsp;&nbsp;&nbsp;_dadd1
</UL>

<P><STRONG><a name="[11a]"></a>__aeabi_f2d</STRONG> (Thumb, 0 bytes, Stack size 16 bytes, f2d.o(x$fpl$f2d))
<BR><BR>[Stack]<UL><LI>Max Depth = 16<LI>Call Chain = __aeabi_f2d
</UL>
<BR>[Called By]<UL><LI><a href="#[7c]">&gt;&gt;</a>&nbsp;&nbsp;&nbsp;DIR_TASK
</UL>

<P><STRONG><a name="[1dd]"></a>_f2d</STRONG> (Thumb, 86 bytes, Stack size 16 bytes, f2d.o(x$fpl$f2d), UNUSED)
<BR><BR>[Calls]<UL><LI><a href="#[1de]">&gt;&gt;</a>&nbsp;&nbsp;&nbsp;__fpl_fnaninf
<LI><a href="#[1d0]">&gt;&gt;</a>&nbsp;&nbsp;&nbsp;__fpl_dretinf
</UL>

<P><STRONG><a name="[11b]"></a>__aeabi_f2uiz</STRONG> (Thumb, 0 bytes, Stack size 16 bytes, ffixu.o(x$fpl$ffixu))
<BR><BR>[Stack]<UL><LI>Max Depth = 16<LI>Call Chain = __aeabi_f2uiz
</UL>
<BR>[Called By]<UL><LI><a href="#[7c]">&gt;&gt;</a>&nbsp;&nbsp;&nbsp;DIR_TASK
</UL>

<P><STRONG><a name="[1df]"></a>_ffixu</STRONG> (Thumb, 62 bytes, Stack size 16 bytes, ffixu.o(x$fpl$ffixu), UNUSED)
<BR><BR>[Calls]<UL><LI><a href="#[1de]">&gt;&gt;</a>&nbsp;&nbsp;&nbsp;__fpl_fnaninf
</UL>

<P><STRONG><a name="[1de]"></a>__fpl_fnaninf</STRONG> (Thumb, 140 bytes, Stack size 8 bytes, fnaninf.o(x$fpl$fnaninf), UNUSED)
<BR><BR>[Called By]<UL><LI><a href="#[1df]">&gt;&gt;</a>&nbsp;&nbsp;&nbsp;_ffixu
<LI><a href="#[1dd]">&gt;&gt;</a>&nbsp;&nbsp;&nbsp;_f2d
</UL>

<P><STRONG><a name="[1cc]"></a>__fpl_fretinf</STRONG> (Thumb, 10 bytes, Stack size 0 bytes, fretinf.o(x$fpl$fretinf), UNUSED)
<BR><BR>[Called By]<UL><LI><a href="#[1cb]">&gt;&gt;</a>&nbsp;&nbsp;&nbsp;_d2f
</UL>

<P><STRONG><a name="[87]"></a>_printf_fp_dec</STRONG> (Thumb, 4 bytes, Stack size 0 bytes, printf1.o(x$fpl$printf1))
<BR><BR>[Stack]<UL><LI>Max Depth = 320<LI>Call Chain = _printf_fp_dec &rArr; _printf_fp_dec_real &rArr; _fp_digits &rArr; _btod_etento &rArr; _btod_emul &rArr; _e2e
</UL>
<BR>[Calls]<UL><LI><a href="#[1b7]">&gt;&gt;</a>&nbsp;&nbsp;&nbsp;_printf_fp_dec_real
</UL>
<BR>[Called By]<UL><LI><a href="#[86]">&gt;&gt;</a>&nbsp;&nbsp;&nbsp;_printf_f
</UL>

<P><STRONG><a name="[1d2]"></a>__fpl_return_NaN</STRONG> (Thumb, 100 bytes, Stack size 0 bytes, retnan.o(x$fpl$retnan))
<BR><BR>[Calls]<UL><LI><a href="#[1e0]">&gt;&gt;</a>&nbsp;&nbsp;&nbsp;__fpl_cmpreturn
</UL>
<BR>[Called By]<UL><LI><a href="#[1d1]">&gt;&gt;</a>&nbsp;&nbsp;&nbsp;__fpl_dcheck_NaN1
</UL>

<P><STRONG><a name="[1c6]"></a>__ARM_scalbn</STRONG> (Thumb, 92 bytes, Stack size 0 bytes, scalbn.o(x$fpl$scalbn))
<BR><BR>[Calls]<UL><LI><a href="#[1d1]">&gt;&gt;</a>&nbsp;&nbsp;&nbsp;__fpl_dcheck_NaN1
</UL>
<BR>[Called By]<UL><LI><a href="#[1c8]">&gt;&gt;</a>&nbsp;&nbsp;&nbsp;__kernel_tan
<LI><a href="#[1c4]">&gt;&gt;</a>&nbsp;&nbsp;&nbsp;__ieee754_rem_pio2
<LI><a href="#[1c9]">&gt;&gt;</a>&nbsp;&nbsp;&nbsp;__mathlib_dbl_underflow
<LI><a href="#[13f]">&gt;&gt;</a>&nbsp;&nbsp;&nbsp;tan
<LI><a href="#[140]">&gt;&gt;</a>&nbsp;&nbsp;&nbsp;atan
</UL>

<P><STRONG><a name="[1e0]"></a>__fpl_cmpreturn</STRONG> (Thumb, 48 bytes, Stack size 0 bytes, trapv.o(x$fpl$trapveneer))
<BR><BR>[Called By]<UL><LI><a href="#[1d2]">&gt;&gt;</a>&nbsp;&nbsp;&nbsp;__fpl_return_NaN
</UL>
<P>
<H3>
Local Symbols
</H3>
<P><STRONG><a name="[9e]"></a>ADC_Calibration</STRONG> (Thumb, 324 bytes, Stack size 20 bytes, adc.o(.text))
<BR><BR>[Stack]<UL><LI>Max Depth = 36<LI>Call Chain = ADC_Calibration &rArr; ADC_ITDMAConfig
</UL>
<BR>[Calls]<UL><LI><a href="#[9f]">&gt;&gt;</a>&nbsp;&nbsp;&nbsp;ADC_ITDMAConfig
</UL>
<BR>[Called By]<UL><LI><a href="#[a0]">&gt;&gt;</a>&nbsp;&nbsp;&nbsp;ADC_Init
</UL>

<P><STRONG><a name="[aa]"></a>CAN_SetBaudrate</STRONG> (Thumb, 98 bytes, Stack size 0 bytes, can.o(.text), UNUSED)
<BR><BR>[Called By]<UL><LI><a href="#[a9]">&gt;&gt;</a>&nbsp;&nbsp;&nbsp;CAN_Init
</UL>

<P><STRONG><a name="[af]"></a>NVIC_EnableIRQ</STRONG> (Thumb, 22 bytes, Stack size 0 bytes, can.o(.text), UNUSED)
<BR><BR>[Called By]<UL><LI><a href="#[ae]">&gt;&gt;</a>&nbsp;&nbsp;&nbsp;CAN_ITDMAConfig
</UL>

<P><STRONG><a name="[b7]"></a>NVIC_EnableIRQ</STRONG> (Thumb, 22 bytes, Stack size 0 bytes, dac.o(.text), UNUSED)
<BR><BR>[Called By]<UL><LI><a href="#[b6]">&gt;&gt;</a>&nbsp;&nbsp;&nbsp;DAC_ITDMAConfig
</UL>

<P><STRONG><a name="[b9]"></a>NVIC_EnableIRQ</STRONG> (Thumb, 22 bytes, Stack size 0 bytes, dma.o(.text), UNUSED)
<BR><BR>[Called By]<UL><LI><a href="#[b8]">&gt;&gt;</a>&nbsp;&nbsp;&nbsp;DMA_ITConfig
</UL>

<P><STRONG><a name="[bf]"></a>ENET_BDInit</STRONG> (Thumb, 204 bytes, Stack size 0 bytes, enet.o(.text), UNUSED)
<BR><BR>[Called By]<UL><LI><a href="#[be]">&gt;&gt;</a>&nbsp;&nbsp;&nbsp;ENET_Init
</UL>

<P><STRONG><a name="[bb]"></a>ENET_HashAddress</STRONG> (Thumb, 58 bytes, Stack size 16 bytes, enet.o(.text), UNUSED)
<BR><BR>[Called By]<UL><LI><a href="#[ba]">&gt;&gt;</a>&nbsp;&nbsp;&nbsp;ENET_SetAddress
</UL>

<P><STRONG><a name="[ba]"></a>ENET_SetAddress</STRONG> (Thumb, 106 bytes, Stack size 16 bytes, enet.o(.text), UNUSED)
<BR><BR>[Calls]<UL><LI><a href="#[bb]">&gt;&gt;</a>&nbsp;&nbsp;&nbsp;ENET_HashAddress
</UL>
<BR>[Called By]<UL><LI><a href="#[be]">&gt;&gt;</a>&nbsp;&nbsp;&nbsp;ENET_Init
</UL>

<P><STRONG><a name="[bc]"></a>ENET_MII_Init</STRONG> (Thumb, 66 bytes, Stack size 16 bytes, enet.o(.text), UNUSED)
<BR><BR>[Calls]<UL><LI><a href="#[bd]">&gt;&gt;</a>&nbsp;&nbsp;&nbsp;CLOCK_GetClockFrequency
</UL>
<BR>[Called By]<UL><LI><a href="#[be]">&gt;&gt;</a>&nbsp;&nbsp;&nbsp;ENET_Init
</UL>

<P><STRONG><a name="[c0]"></a>ENET_MII_Write</STRONG> (Thumb, 116 bytes, Stack size 12 bytes, enet.o(.text), UNUSED)
<BR><BR>[Called By]<UL><LI><a href="#[be]">&gt;&gt;</a>&nbsp;&nbsp;&nbsp;ENET_Init
</UL>

<P><STRONG><a name="[c1]"></a>ENET_MII_Read</STRONG> (Thumb, 118 bytes, Stack size 12 bytes, enet.o(.text), UNUSED)
<BR><BR>[Called By]<UL><LI><a href="#[be]">&gt;&gt;</a>&nbsp;&nbsp;&nbsp;ENET_Init
</UL>

<P><STRONG><a name="[c7]"></a>NVIC_EnableIRQ</STRONG> (Thumb, 22 bytes, Stack size 0 bytes, enet.o(.text), UNUSED)
<BR><BR>[Called By]<UL><LI><a href="#[c6]">&gt;&gt;</a>&nbsp;&nbsp;&nbsp;ENET_ITDMAConfig
</UL>

<P><STRONG><a name="[cd]"></a>_FTM_InitBasic</STRONG> (Thumb, 182 bytes, Stack size 8 bytes, ftm.o(.text))
<BR><BR>[Stack]<UL><LI>Max Depth = 8<LI>Call Chain = _FTM_InitBasic
</UL>
<BR>[Called By]<UL><LI><a href="#[d1]">&gt;&gt;</a>&nbsp;&nbsp;&nbsp;FTM_IC_QuickInit
<LI><a href="#[cf]">&gt;&gt;</a>&nbsp;&nbsp;&nbsp;FTM_PWM_QuickInit
<LI><a href="#[cc]">&gt;&gt;</a>&nbsp;&nbsp;&nbsp;FTM_QD_QuickInit
</UL>

<P><STRONG><a name="[c9]"></a>get_channel_pair_index</STRONG> (Thumb, 40 bytes, Stack size 0 bytes, ftm.o(.text))
<BR><BR>[Called By]<UL><LI><a href="#[c8]">&gt;&gt;</a>&nbsp;&nbsp;&nbsp;FTM_DualChlConfig
</UL>

<P><STRONG><a name="[c8]"></a>FTM_DualChlConfig</STRONG> (Thumb, 180 bytes, Stack size 24 bytes, ftm.o(.text))
<BR><BR>[Stack]<UL><LI>Max Depth = 24<LI>Call Chain = FTM_DualChlConfig
</UL>
<BR>[Calls]<UL><LI><a href="#[c9]">&gt;&gt;</a>&nbsp;&nbsp;&nbsp;get_channel_pair_index
</UL>
<BR>[Called By]<UL><LI><a href="#[ca]">&gt;&gt;</a>&nbsp;&nbsp;&nbsp;FTM_SetMode
</UL>

<P><STRONG><a name="[ca]"></a>FTM_SetMode</STRONG> (Thumb, 1138 bytes, Stack size 16 bytes, ftm.o(.text))
<BR><BR>[Stack]<UL><LI>Max Depth = 40<LI>Call Chain = FTM_SetMode &rArr; FTM_DualChlConfig
</UL>
<BR>[Calls]<UL><LI><a href="#[cb]">&gt;&gt;</a>&nbsp;&nbsp;&nbsp;FTM_PWM_InvertPolarity
<LI><a href="#[c8]">&gt;&gt;</a>&nbsp;&nbsp;&nbsp;FTM_DualChlConfig
</UL>
<BR>[Called By]<UL><LI><a href="#[d1]">&gt;&gt;</a>&nbsp;&nbsp;&nbsp;FTM_IC_QuickInit
<LI><a href="#[cf]">&gt;&gt;</a>&nbsp;&nbsp;&nbsp;FTM_PWM_QuickInit
<LI><a href="#[cc]">&gt;&gt;</a>&nbsp;&nbsp;&nbsp;FTM_QD_QuickInit
</UL>

<P><STRONG><a name="[d6]"></a>NVIC_EnableIRQ</STRONG> (Thumb, 22 bytes, Stack size 0 bytes, gpio.o(.text), UNUSED)
<BR><BR>[Called By]<UL><LI><a href="#[d5]">&gt;&gt;</a>&nbsp;&nbsp;&nbsp;GPIO_ITDMAConfig
</UL>

<P><STRONG><a name="[d8]"></a>I2C_SetBaudrate</STRONG> (Thumb, 150 bytes, Stack size 36 bytes, i2c.o(.text), UNUSED)
<BR><BR>[Called By]<UL><LI><a href="#[d7]">&gt;&gt;</a>&nbsp;&nbsp;&nbsp;I2C_Init
</UL>

<P><STRONG><a name="[f4]"></a>RTC_DateTimeToSecond</STRONG> (Thumb, 122 bytes, Stack size 8 bytes, rtc.o(.text), UNUSED)
<BR><BR>[Called By]<UL><LI><a href="#[f5]">&gt;&gt;</a>&nbsp;&nbsp;&nbsp;RTC_SetDateTime
<LI><a href="#[f3]">&gt;&gt;</a>&nbsp;&nbsp;&nbsp;RTC_SetAlarm
</UL>

<P><STRONG><a name="[f2]"></a>RTC_SecondToDateTime</STRONG> (Thumb, 148 bytes, Stack size 20 bytes, rtc.o(.text), UNUSED)
<BR><BR>[Called By]<UL><LI><a href="#[f1]">&gt;&gt;</a>&nbsp;&nbsp;&nbsp;RTC_GetDateTime
</UL>

<P><STRONG><a name="[f7]"></a>NVIC_EnableIRQ</STRONG> (Thumb, 22 bytes, Stack size 0 bytes, rtc.o(.text), UNUSED)
<BR><BR>[Called By]<UL><LI><a href="#[f6]">&gt;&gt;</a>&nbsp;&nbsp;&nbsp;RTC_ITDMAConfig
</UL>

<P><STRONG><a name="[f9]"></a>dspi_hal_set_baud</STRONG> (Thumb, 226 bytes, Stack size 60 bytes, spi.o(.text), UNUSED)
<BR><BR>[Called By]<UL><LI><a href="#[f8]">&gt;&gt;</a>&nbsp;&nbsp;&nbsp;SPI_FrameConfig
</UL>

<P><STRONG><a name="[ff]"></a>TSI_Calibration</STRONG> (Thumb, 86 bytes, Stack size 8 bytes, tsi.o(.text), UNUSED)
<BR><BR>[Calls]<UL><LI><a href="#[100]">&gt;&gt;</a>&nbsp;&nbsp;&nbsp;TSI_GetCounter
</UL>
<BR>[Called By]<UL><LI><a href="#[101]">&gt;&gt;</a>&nbsp;&nbsp;&nbsp;TSI_Init
</UL>

<P><STRONG><a name="[104]"></a>NVIC_EnableIRQ</STRONG> (Thumb, 22 bytes, Stack size 0 bytes, tsi.o(.text), UNUSED)
<BR><BR>[Called By]<UL><LI><a href="#[103]">&gt;&gt;</a>&nbsp;&nbsp;&nbsp;TSI_ITDMAConfig
</UL>

<P><STRONG><a name="[10a]"></a>NVIC_EnableIRQ</STRONG> (Thumb, 22 bytes, Stack size 0 bytes, uart.o(.text), UNUSED)
<BR><BR>[Called By]<UL><LI><a href="#[109]">&gt;&gt;</a>&nbsp;&nbsp;&nbsp;UART_ITDMAConfig
</UL>

<P><STRONG><a name="[10d]"></a>WDOG_Unlock</STRONG> (Thumb, 16 bytes, Stack size 0 bytes, wdog.o(.text), UNUSED)
<BR><BR>[Called By]<UL><LI><a href="#[10f]">&gt;&gt;</a>&nbsp;&nbsp;&nbsp;WDOG_ITDMAConfig
<LI><a href="#[10c]">&gt;&gt;</a>&nbsp;&nbsp;&nbsp;WDOG_Init
</UL>

<P><STRONG><a name="[172]"></a>OS_InitTaskStat</STRONG> (Thumb, 52 bytes, Stack size 32 bytes, os_core.o(.text))
<BR><BR>[Stack]<UL><LI>Max Depth = 128 + Unknown Stack Size
<LI>Call Chain = OS_InitTaskStat &rArr; OSTaskCreateExt &rArr; OS_TCBInit
</UL>
<BR>[Calls]<UL><LI><a href="#[174]">&gt;&gt;</a>&nbsp;&nbsp;&nbsp;OSTaskNameSet
<LI><a href="#[173]">&gt;&gt;</a>&nbsp;&nbsp;&nbsp;OSTaskCreateExt
</UL>
<BR>[Called By]<UL><LI><a href="#[9a]">&gt;&gt;</a>&nbsp;&nbsp;&nbsp;OSInit
</UL>

<P><STRONG><a name="[177]"></a>OS_InitTaskIdle</STRONG> (Thumb, 52 bytes, Stack size 32 bytes, os_core.o(.text))
<BR><BR>[Stack]<UL><LI>Max Depth = 128 + Unknown Stack Size
<LI>Call Chain = OS_InitTaskIdle &rArr; OSTaskCreateExt &rArr; OS_TCBInit
</UL>
<BR>[Calls]<UL><LI><a href="#[174]">&gt;&gt;</a>&nbsp;&nbsp;&nbsp;OSTaskNameSet
<LI><a href="#[173]">&gt;&gt;</a>&nbsp;&nbsp;&nbsp;OSTaskCreateExt
</UL>
<BR>[Called By]<UL><LI><a href="#[9a]">&gt;&gt;</a>&nbsp;&nbsp;&nbsp;OSInit
</UL>

<P><STRONG><a name="[178]"></a>OS_InitEventList</STRONG> (Thumb, 74 bytes, Stack size 16 bytes, os_core.o(.text))
<BR><BR>[Stack]<UL><LI>Max Depth = 16<LI>Call Chain = OS_InitEventList
</UL>
<BR>[Calls]<UL><LI><a href="#[179]">&gt;&gt;</a>&nbsp;&nbsp;&nbsp;OS_MemClr
</UL>
<BR>[Called By]<UL><LI><a href="#[9a]">&gt;&gt;</a>&nbsp;&nbsp;&nbsp;OSInit
</UL>

<P><STRONG><a name="[17a]"></a>OS_InitTCBList</STRONG> (Thumb, 106 bytes, Stack size 16 bytes, os_core.o(.text))
<BR><BR>[Stack]<UL><LI>Max Depth = 16<LI>Call Chain = OS_InitTCBList
</UL>
<BR>[Calls]<UL><LI><a href="#[179]">&gt;&gt;</a>&nbsp;&nbsp;&nbsp;OS_MemClr
</UL>
<BR>[Called By]<UL><LI><a href="#[9a]">&gt;&gt;</a>&nbsp;&nbsp;&nbsp;OSInit
</UL>

<P><STRONG><a name="[17d]"></a>OS_InitRdyList</STRONG> (Thumb, 44 bytes, Stack size 0 bytes, os_core.o(.text))
<BR><BR>[Called By]<UL><LI><a href="#[9a]">&gt;&gt;</a>&nbsp;&nbsp;&nbsp;OSInit
</UL>

<P><STRONG><a name="[17c]"></a>OS_InitMisc</STRONG> (Thumb, 48 bytes, Stack size 0 bytes, os_core.o(.text))
<BR><BR>[Called By]<UL><LI><a href="#[9a]">&gt;&gt;</a>&nbsp;&nbsp;&nbsp;OSInit
</UL>

<P><STRONG><a name="[180]"></a>OS_SchedNew</STRONG> (Thumb, 26 bytes, Stack size 0 bytes, os_core.o(.text))
<BR><BR>[Called By]<UL><LI><a href="#[9d]">&gt;&gt;</a>&nbsp;&nbsp;&nbsp;OSStart
<LI><a href="#[183]">&gt;&gt;</a>&nbsp;&nbsp;&nbsp;OS_Sched
<LI><a href="#[12a]">&gt;&gt;</a>&nbsp;&nbsp;&nbsp;OSIntExit
</UL>

<P><STRONG><a name="[1db]"></a>_dadd1</STRONG> (Thumb, 0 bytes, Stack size unknown bytes, daddsub_clz.o(x$fpl$dadd), UNUSED)
<BR><BR>[Called By]<UL><LI><a href="#[1dc]">&gt;&gt;</a>&nbsp;&nbsp;&nbsp;_dsub
<LI><a href="#[1da]">&gt;&gt;</a>&nbsp;&nbsp;&nbsp;_drsb
</UL>

<P><STRONG><a name="[1cf]"></a>_dsub1</STRONG> (Thumb, 0 bytes, Stack size unknown bytes, daddsub_clz.o(x$fpl$dsub), UNUSED)
<BR><BR>[Called By]<UL><LI><a href="#[1da]">&gt;&gt;</a>&nbsp;&nbsp;&nbsp;_drsb
<LI><a href="#[1ce]">&gt;&gt;</a>&nbsp;&nbsp;&nbsp;_dadd
</UL>

<P><STRONG><a name="[1b1]"></a>_fp_digits</STRONG> (Thumb, 428 bytes, Stack size 96 bytes, _printf_fp_dec.o(.text))
<BR><BR>[Stack]<UL><LI>Max Depth = 216<LI>Call Chain = _fp_digits &rArr; _btod_etento &rArr; _btod_emul &rArr; _e2e
</UL>
<BR>[Calls]<UL><LI><a href="#[1b5]">&gt;&gt;</a>&nbsp;&nbsp;&nbsp;_btod_emul
<LI><a href="#[1b4]">&gt;&gt;</a>&nbsp;&nbsp;&nbsp;_btod_ediv
<LI><a href="#[1b3]">&gt;&gt;</a>&nbsp;&nbsp;&nbsp;_btod_d2e
<LI><a href="#[1b2]">&gt;&gt;</a>&nbsp;&nbsp;&nbsp;_btod_etento
<LI><a href="#[1b6]">&gt;&gt;</a>&nbsp;&nbsp;&nbsp;_ll_udiv10
</UL>
<BR>[Called By]<UL><LI><a href="#[1b7]">&gt;&gt;</a>&nbsp;&nbsp;&nbsp;_printf_fp_dec_real
</UL>

<P><STRONG><a name="[80]"></a>_printf_input_char</STRONG> (Thumb, 10 bytes, Stack size 0 bytes, _printf_char_common.o(.text))
<BR>[Address Reference Count : 1]<UL><LI> _printf_char_common.o(.text)
</UL><P>
<H3>
Undefined Global Symbols
</H3><HR></body></html>
